../Core/Inc/lcd5110.h:40:13:void LCD5110_refresh(LCD5110_display*)	16	static
../Core/Inc/lcd5110.h:79:13:void LCD5110_set_cursor(int, int, LCD5110_display*)	24	static
../Core/Inc/lcd5110.h:88:13:void LCD5110_clear_scr(LCD5110_display*)	16	static
../Core/Inc/lcd5110.h:118:13:void LCD5110_print(const char*, int, LCD5110_display*)	24	static
/opt/st/stm32cubeide_1.16.1/plugins/com.st.stm32cube.ide.mcu.externaltools.gnu-tools-for-stm32.12.3.rel1.linux64_1.0.200.202406132123/tools/arm-none-eabi/include/c++/12.3.1/arm-none-eabi/thumb/v7e-m+fp/hard/bits/gthr-default.h:229:1:int __gthread_key_delete(__gthread_key_t)	16	static
../Core/Src/main.cpp:93:6:void keypad_init()	32	static
../Core/Src/main.cpp:115:6:char keypad_scan()	40	static
../Core/Src/main.cpp:168:6:void display_main_screen(LCD5110_display*, int)	40	static
../Core/Src/main.cpp:414:6:void display_main_menu(LCD5110_display*, int)	80	static
../Core/Src/main.cpp:449:6:void display_messages_screen(LCD5110_display*, int)	56	static
../Core/Src/main.cpp:482:6:void display_call_screen(LCD5110_display*)	56	static
../Core/Src/main.cpp:524:6:void display_call_process(LCD5110_display*)	40	static
../Core/Src/main.cpp:550:6:void display_hang_up_call_process(LCD5110_display*)	48	static
../Core/Src/main.cpp:579:6:void display_send_sms(LCD5110_display*)	56	static
../Core/Src/main.cpp:622:6:void display_send_sms_input(LCD5110_display*)	56	static
../Core/Src/main.cpp:673:6:void update_display_for_option(int)	16	static
../Core/Src/main.cpp:690:6:void enter_main_screen()	8	static
../Core/Src/main.cpp:695:6:void enter_menu()	8	static
../Core/Src/main.cpp:701:6:void enter_call_screen()	8	static
../Core/Src/main.cpp:706:6:void enter_messages_screen()	8	static
../Core/Src/main.cpp:711:6:void enter_snake_screen()	4	static
../Core/Src/main.cpp:715:6:void enter_music_screen()	4	static
../Core/Src/main.cpp:719:6:void handle_key_press(char)	16	static
../Core/Src/main.cpp:767:5:int main()	504	static
../Core/Src/main.cpp:849:6:void SystemClock_Config()	128	static
../Core/Src/main.cpp:920:6:void Error_Handler()	4	static,ignoring_inline_asm
../Core/Src/main.cpp:929:1:void __static_initialization_and_destruction_0(int, int)	16	static
../Core/Src/main.cpp:929:1:cpp)	8	static
../Core/Src/main.cpp:929:1:cpp)	8	static
