Archive member included to satisfy reference by file (symbol)

/app/stm32cubeide/plugins/com.st.stm32cube.ide.mcu.externaltools.gnu-tools-for-stm32.10.3-2021.10.linux64_1.0.200.202301161003/tools/bin/../lib/gcc/arm-none-eabi/10.3.1/../../../../arm-none-eabi/lib/thumb/v7e-m+fp/hard/libc_nano.a(lib_a-errno.o)
                              ./Core/Src/syscalls.o (__errno)
/app/stm32cubeide/plugins/com.st.stm32cube.ide.mcu.externaltools.gnu-tools-for-stm32.10.3-2021.10.linux64_1.0.200.202301161003/tools/bin/../lib/gcc/arm-none-eabi/10.3.1/../../../../arm-none-eabi/lib/thumb/v7e-m+fp/hard/libc_nano.a(lib_a-exit.o)
                              /app/stm32cubeide/plugins/com.st.stm32cube.ide.mcu.externaltools.gnu-tools-for-stm32.10.3-2021.10.linux64_1.0.200.202301161003/tools/bin/../lib/gcc/arm-none-eabi/10.3.1/../../../../arm-none-eabi/lib/thumb/v7e-m+fp/hard/crt0.o (exit)
/app/stm32cubeide/plugins/com.st.stm32cube.ide.mcu.externaltools.gnu-tools-for-stm32.10.3-2021.10.linux64_1.0.200.202301161003/tools/bin/../lib/gcc/arm-none-eabi/10.3.1/../../../../arm-none-eabi/lib/thumb/v7e-m+fp/hard/libc_nano.a(lib_a-impure.o)
                              /app/stm32cubeide/plugins/com.st.stm32cube.ide.mcu.externaltools.gnu-tools-for-stm32.10.3-2021.10.linux64_1.0.200.202301161003/tools/bin/../lib/gcc/arm-none-eabi/10.3.1/../../../../arm-none-eabi/lib/thumb/v7e-m+fp/hard/libc_nano.a(lib_a-exit.o) (_global_impure_ptr)
/app/stm32cubeide/plugins/com.st.stm32cube.ide.mcu.externaltools.gnu-tools-for-stm32.10.3-2021.10.linux64_1.0.200.202301161003/tools/bin/../lib/gcc/arm-none-eabi/10.3.1/../../../../arm-none-eabi/lib/thumb/v7e-m+fp/hard/libc_nano.a(lib_a-init.o)
                              /app/stm32cubeide/plugins/com.st.stm32cube.ide.mcu.externaltools.gnu-tools-for-stm32.10.3-2021.10.linux64_1.0.200.202301161003/tools/bin/../lib/gcc/arm-none-eabi/10.3.1/../../../../arm-none-eabi/lib/thumb/v7e-m+fp/hard/crt0.o (__libc_init_array)
/app/stm32cubeide/plugins/com.st.stm32cube.ide.mcu.externaltools.gnu-tools-for-stm32.10.3-2021.10.linux64_1.0.200.202301161003/tools/bin/../lib/gcc/arm-none-eabi/10.3.1/../../../../arm-none-eabi/lib/thumb/v7e-m+fp/hard/libc_nano.a(lib_a-memset.o)
                              /app/stm32cubeide/plugins/com.st.stm32cube.ide.mcu.externaltools.gnu-tools-for-stm32.10.3-2021.10.linux64_1.0.200.202301161003/tools/bin/../lib/gcc/arm-none-eabi/10.3.1/../../../../arm-none-eabi/lib/thumb/v7e-m+fp/hard/crt0.o (memset)

Discarded input sections

 .text          0x0000000000000000        0x0 /app/stm32cubeide/plugins/com.st.stm32cube.ide.mcu.externaltools.gnu-tools-for-stm32.10.3-2021.10.linux64_1.0.200.202301161003/tools/bin/../lib/gcc/arm-none-eabi/10.3.1/thumb/v7e-m+fp/hard/crti.o
 .data          0x0000000000000000        0x0 /app/stm32cubeide/plugins/com.st.stm32cube.ide.mcu.externaltools.gnu-tools-for-stm32.10.3-2021.10.linux64_1.0.200.202301161003/tools/bin/../lib/gcc/arm-none-eabi/10.3.1/thumb/v7e-m+fp/hard/crti.o
 .bss           0x0000000000000000        0x0 /app/stm32cubeide/plugins/com.st.stm32cube.ide.mcu.externaltools.gnu-tools-for-stm32.10.3-2021.10.linux64_1.0.200.202301161003/tools/bin/../lib/gcc/arm-none-eabi/10.3.1/thumb/v7e-m+fp/hard/crti.o
 .data          0x0000000000000000        0x4 /app/stm32cubeide/plugins/com.st.stm32cube.ide.mcu.externaltools.gnu-tools-for-stm32.10.3-2021.10.linux64_1.0.200.202301161003/tools/bin/../lib/gcc/arm-none-eabi/10.3.1/thumb/v7e-m+fp/hard/crtbegin.o
 .rodata        0x0000000000000000       0x24 /app/stm32cubeide/plugins/com.st.stm32cube.ide.mcu.externaltools.gnu-tools-for-stm32.10.3-2021.10.linux64_1.0.200.202301161003/tools/bin/../lib/gcc/arm-none-eabi/10.3.1/thumb/v7e-m+fp/hard/crtbegin.o
 .text          0x0000000000000000       0x7c /app/stm32cubeide/plugins/com.st.stm32cube.ide.mcu.externaltools.gnu-tools-for-stm32.10.3-2021.10.linux64_1.0.200.202301161003/tools/bin/../lib/gcc/arm-none-eabi/10.3.1/../../../../arm-none-eabi/lib/thumb/v7e-m+fp/hard/crt0.o
 .data          0x0000000000000000        0x0 /app/stm32cubeide/plugins/com.st.stm32cube.ide.mcu.externaltools.gnu-tools-for-stm32.10.3-2021.10.linux64_1.0.200.202301161003/tools/bin/../lib/gcc/arm-none-eabi/10.3.1/../../../../arm-none-eabi/lib/thumb/v7e-m+fp/hard/crt0.o
 .bss           0x0000000000000000        0x0 /app/stm32cubeide/plugins/com.st.stm32cube.ide.mcu.externaltools.gnu-tools-for-stm32.10.3-2021.10.linux64_1.0.200.202301161003/tools/bin/../lib/gcc/arm-none-eabi/10.3.1/../../../../arm-none-eabi/lib/thumb/v7e-m+fp/hard/crt0.o
 .ARM.extab     0x0000000000000000        0x0 /app/stm32cubeide/plugins/com.st.stm32cube.ide.mcu.externaltools.gnu-tools-for-stm32.10.3-2021.10.linux64_1.0.200.202301161003/tools/bin/../lib/gcc/arm-none-eabi/10.3.1/../../../../arm-none-eabi/lib/thumb/v7e-m+fp/hard/crt0.o
[...]
Memory Configuration

Name             Origin             Length             Attributes
CCMRAM           0x0000000010000000 0x0000000000002000 xrw
RAM              0x0000000020000000 0x000000000000a000 xrw
FLASH            0x0000000008000000 0x0000000000040000 xr
*default*        0x0000000000000000 0xffffffffffffffff

Linker script and memory map

LOAD /app/stm32cubeide/plugins/com.st.stm32cube.ide.mcu.externaltools.gnu-tools-for-stm32.10.3-2021.10.linux64_1.0.200.202301161003/tools/bin/../lib/gcc/arm-none-eabi/10.3.1/thumb/v7e-m+fp/hard/crti.o
LOAD /app/stm32cubeide/plugins/com.st.stm32cube.ide.mcu.externaltools.gnu-tools-for-stm32.10.3-2021.10.linux64_1.0.200.202301161003/tools/bin/../lib/gcc/arm-none-eabi/10.3.1/thumb/v7e-m+fp/hard/crtbegin.o
LOAD /app/stm32cubeide/plugins/com.st.stm32cube.ide.mcu.externaltools.gnu-tools-for-stm32.10.3-2021.10.linux64_1.0.200.202301161003/tools/bin/../lib/gcc/arm-none-eabi/10.3.1/../../../../arm-none-eabi/lib/thumb/v7e-m+fp/hard/crt0.o
LOAD ./Core/Src/gpio.o
LOAD ./Core/Src/i2c.o
LOAD ./Core/Src/main.o
LOAD ./Core/Src/spi.o
LOAD ./Core/Src/stm32f3xx_hal_msp.o
LOAD ./Core/Src/stm32f3xx_it.o
LOAD ./Core/Src/syscalls.o
LOAD ./Core/Src/sysmem.o
LOAD ./Core/Src/system_stm32f3xx.o
LOAD ./Core/Src/usb.o
LOAD ./Core/Startup/startup_stm32f303vctx.o
LOAD ./Drivers/STM32F3xx_HAL_Driver/stm32f3xx_hal.o
LOAD ./Drivers/STM32F3xx_HAL_Driver/stm32f3xx_hal_cortex.o
LOAD ./Drivers/STM32F3xx_HAL_Driver/stm32f3xx_hal_dma.o
LOAD ./Drivers/STM32F3xx_HAL_Driver/stm32f3xx_hal_exti.o
LOAD ./Drivers/STM32F3xx_HAL_Driver/stm32f3xx_hal_flash.o
LOAD ./Drivers/STM32F3xx_HAL_Driver/stm32f3xx_hal_flash_ex.o
LOAD ./Drivers/STM32F3xx_HAL_Driver/stm32f3xx_hal_gpio.o
LOAD ./Drivers/STM32F3xx_HAL_Driver/stm32f3xx_hal_i2c.o
LOAD ./Drivers/STM32F3xx_HAL_Driver/stm32f3xx_hal_i2c_ex.o
LOAD ./Drivers/STM32F3xx_HAL_Driver/stm32f3xx_hal_pcd.o
LOAD ./Drivers/STM32F3xx_HAL_Driver/stm32f3xx_hal_pcd_ex.o
LOAD ./Drivers/STM32F3xx_HAL_Driver/stm32f3xx_hal_pwr.o
LOAD ./Drivers/STM32F3xx_HAL_Driver/stm32f3xx_hal_pwr_ex.o
LOAD ./Drivers/STM32F3xx_HAL_Driver/stm32f3xx_hal_rcc.o
LOAD ./Drivers/STM32F3xx_HAL_Driver/stm32f3xx_hal_rcc_ex.o
LOAD ./Drivers/STM32F3xx_HAL_Driver/stm32f3xx_hal_spi.o
LOAD ./Drivers/STM32F3xx_HAL_Driver/stm32f3xx_hal_spi_ex.o
LOAD ./Drivers/STM32F3xx_HAL_Driver/stm32f3xx_hal_tim.o
LOAD ./Drivers/STM32F3xx_HAL_Driver/stm32f3xx_hal_tim_ex.o
LOAD ./Drivers/STM32F3xx_HAL_Driver/stm32f3xx_ll_usb.o
START GROUP
LOAD /app/stm32cubeide/plugins/com.st.stm32cube.ide.mcu.externaltools.gnu-tools-for-stm32.10.3-2021.10.linux64_1.0.200.202301161003/tools/bin/../lib/gcc/arm-none-eabi/10.3.1/../../../../arm-none-eabi/lib/thumb/v7e-m+fp/hard/libstdc++_nano.a
LOAD /app/stm32cubeide/plugins/com.st.stm32cube.ide.mcu.externaltools.gnu-tools-for-stm32.10.3-2021.10.linux64_1.0.200.202301161003/tools/bin/../lib/gcc/arm-none-eabi/10.3.1/../../../../arm-none-eabi/lib/thumb/v7e-m+fp/hard/libsupc++_nano.a
END GROUP
LOAD /app/stm32cubeide/plugins/com.st.stm32cube.ide.mcu.externaltools.gnu-tools-for-stm32.10.3-2021.10.linux64_1.0.200.202301161003/tools/bin/../lib/gcc/arm-none-eabi/10.3.1/../../../../arm-none-eabi/lib/thumb/v7e-m+fp/hard/libstdc++_nano.a
LOAD /app/stm32cubeide/plugins/com.st.stm32cube.ide.mcu.externaltools.gnu-tools-for-stm32.10.3-2021.10.linux64_1.0.200.202301161003/tools/bin/../lib/gcc/arm-none-eabi/10.3.1/../../../../arm-none-eabi/lib/thumb/v7e-m+fp/hard/libm.a
LOAD /app/stm32cubeide/plugins/com.st.stm32cube.ide.mcu.externaltools.gnu-tools-for-stm32.10.3-2021.10.linux64_1.0.200.202301161003/tools/bin/../lib/gcc/arm-none-eabi/10.3.1/../../../../arm-none-eabi/lib/thumb/v7e-m+fp/hard/libc_nano.a
START GROUP
LOAD /app/stm32cubeide/plugins/com.st.stm32cube.ide.mcu.externaltools.gnu-tools-for-stm32.10.3-2021.10.linux64_1.0.200.202301161003/tools/bin/../lib/gcc/arm-none-eabi/10.3.1/thumb/v7e-m+fp/hard/libgcc.a
LOAD /app/stm32cubeide/plugins/com.st.stm32cube.ide.mcu.externaltools.gnu-tools-for-stm32.10.3-2021.10.linux64_1.0.200.202301161003/tools/bin/../lib/gcc/arm-none-eabi/10.3.1/../../../../arm-none-eabi/lib/thumb/v7e-m+fp/hard/libc_nano.a
END GROUP
START GROUP
LOAD /app/stm32cubeide/plugins/com.st.stm32cube.ide.mcu.externaltools.gnu-tools-for-stm32.10.3-2021.10.linux64_1.0.200.202301161003/tools/bin/../lib/gcc/arm-none-eabi/10.3.1/thumb/v7e-m+fp/hard/libgcc.a
LOAD /app/stm32cubeide/plugins/com.st.stm32cube.ide.mcu.externaltools.gnu-tools-for-stm32.10.3-2021.10.linux64_1.0.200.202301161003/tools/bin/../lib/gcc/arm-none-eabi/10.3.1/../../../../arm-none-eabi/lib/thumb/v7e-m+fp/hard/libc_nano.a
LOAD /app/stm32cubeide/plugins/com.st.stm32cube.ide.mcu.externaltools.gnu-tools-for-stm32.10.3-2021.10.linux64_1.0.200.202301161003/tools/bin/../lib/gcc/arm-none-eabi/10.3.1/../../../../arm-none-eabi/lib/thumb/v7e-m+fp/hard/libnosys.a
END GROUP
START GROUP
LOAD /app/stm32cubeide/plugins/com.st.stm32cube.ide.mcu.externaltools.gnu-tools-for-stm32.10.3-2021.10.linux64_1.0.200.202301161003/tools/bin/../lib/gcc/arm-none-eabi/10.3.1/thumb/v7e-m+fp/hard/libgcc.a
LOAD /app/stm32cubeide/plugins/com.st.stm32cube.ide.mcu.externaltools.gnu-tools-for-stm32.10.3-2021.10.linux64_1.0.200.202301161003/tools/bin/../lib/gcc/arm-none-eabi/10.3.1/../../../../arm-none-eabi/lib/thumb/v7e-m+fp/hard/libc_nano.a
LOAD /app/stm32cubeide/plugins/com.st.stm32cube.ide.mcu.externaltools.gnu-tools-for-stm32.10.3-2021.10.linux64_1.0.200.202301161003/tools/bin/../lib/gcc/arm-none-eabi/10.3.1/../../../../arm-none-eabi/lib/thumb/v7e-m+fp/hard/libnosys.a
END GROUP
LOAD /app/stm32cubeide/plugins/com.st.stm32cube.ide.mcu.externaltools.gnu-tools-for-stm32.10.3-2021.10.linux64_1.0.200.202301161003/tools/bin/../lib/gcc/arm-none-eabi/10.3.1/thumb/v7e-m+fp/hard/crtend.o
LOAD /app/stm32cubeide/plugins/com.st.stm32cube.ide.mcu.externaltools.gnu-tools-for-stm32.10.3-2021.10.linux64_1.0.200.202301161003/tools/bin/../lib/gcc/arm-none-eabi/10.3.1/thumb/v7e-m+fp/hard/crtn.o
                0x000000002000a000                _estack = (ORIGIN (RAM) + LENGTH (RAM))
                0x0000000000000200                _Min_Heap_Size = 0x200
                0x0000000000000400                _Min_Stack_Size = 0x400

.isr_vector     0x0000000008000000      0x188
                0x0000000008000000                . = ALIGN (0x4)
 *(.isr_vector)
 .isr_vector    0x0000000008000000      0x188 ./Core/Startup/startup_stm32f303vctx.o
                0x0000000008000000                g_pfnVectors
                0x0000000008000188                . = ALIGN (0x4)

.text           0x0000000008000188     0x2a90
                0x0000000008000188                . = ALIGN (0x4)
 *(.text)
 .text          0x0000000008000188       0x40 /app/stm32cubeide/plugins/com.st.stm32cube.ide.mcu.externaltools.gnu-tools-for-stm32.10.3-2021.10.linux64_1.0.200.202301161003/tools/bin/../lib/gcc/arm-none-eabi/10.3.1/thumb/v7e-m+fp/hard/crtbegin.o
 *(.text*)
 .text.MX_GPIO_Init
                0x00000000080001c8      0x12c ./Core/Src/gpio.o
                0x00000000080001c8                MX_GPIO_Init
 .text.MX_I2C1_Init
                0x00000000080002f4       0x80 ./Core/Src/i2c.o
                0x00000000080002f4                MX_I2C1_Init
 .text.HAL_I2C_MspInit
                0x0000000008000374       0x88 ./Core/Src/i2c.o
                0x0000000008000374                HAL_I2C_MspInit
 .text.main     0x00000000080003fc       0x22 ./Core/Src/main.o
                0x00000000080003fc                main
 *fill*         0x000000000800041e        0x2 
 .text.SystemClock_Config
                0x0000000008000420       0xc4 ./Core/Src/main.o
                0x0000000008000420                SystemClock_Config
 .text.Error_Handler
                0x00000000080004e4        0xa ./Core/Src/main.o
                0x00000000080004e4                Error_Handler
 *fill*         0x00000000080004ee        0x2 
 .text.MX_SPI1_Init
                0x00000000080004f0       0x7c ./Core/Src/spi.o
                0x00000000080004f0                MX_SPI1_Init
 .text.MX_SPI2_Init
                0x000000000800056c       0x7c ./Core/Src/spi.o
                0x000000000800056c                MX_SPI2_Init
 .text.HAL_SPI_MspInit
                0x00000000080005e8       0xec ./Core/Src/spi.o
                0x00000000080005e8                HAL_SPI_MspInit
 .text.HAL_MspInit
                0x00000000080006d4       0x48 ./Core/Src/stm32f3xx_hal_msp.o
                0x00000000080006d4                HAL_MspInit
 .text.NMI_Handler
                0x000000000800071c        0x6 ./Core/Src/stm32f3xx_it.o
                0x000000000800071c                NMI_Handler
 .text.HardFault_Handler
                0x0000000008000722        0x6 ./Core/Src/stm32f3xx_it.o
                0x0000000008000722                HardFault_Handler
 .text.MemManage_Handler
                0x0000000008000728        0x6 ./Core/Src/stm32f3xx_it.o
                0x0000000008000728                MemManage_Handler
 .text.BusFault_Handler
                0x000000000800072e        0x6 ./Core/Src/stm32f3xx_it.o
                0x000000000800072e                BusFault_Handler
 .text.UsageFault_Handler
                0x0000000008000734        0x6 ./Core/Src/stm32f3xx_it.o
                0x0000000008000734                UsageFault_Handler
 .text.SVC_Handler
                0x000000000800073a        0xe ./Core/Src/stm32f3xx_it.o
                0x000000000800073a                SVC_Handler
 .text.DebugMon_Handler
                0x0000000008000748        0xe ./Core/Src/stm32f3xx_it.o
                0x0000000008000748                DebugMon_Handler
 .text.PendSV_Handler
                0x0000000008000756        0xe ./Core/Src/stm32f3xx_it.o
                0x0000000008000756                PendSV_Handler
 .text.SysTick_Handler
                0x0000000008000764        0xc ./Core/Src/stm32f3xx_it.o
                0x0000000008000764                SysTick_Handler
 .text.SystemInit
                0x0000000008000770       0x24 ./Core/Src/system_stm32f3xx.o
                0x0000000008000770                SystemInit
 .text.MX_USB_PCD_Init
                0x0000000008000794       0x44 ./Core/Src/usb.o
                0x0000000008000794                MX_USB_PCD_Init
 .text.HAL_PCD_MspInit
                0x00000000080007d8       0x88 ./Core/Src/usb.o
                0x00000000080007d8                HAL_PCD_MspInit
 .text.Reset_Handler
                0x0000000008000860       0x50 ./Core/Startup/startup_stm32f303vctx.o
                0x0000000008000860                Reset_Handler
 .text.Default_Handler
                0x00000000080008b0        0x2 ./Core/Startup/startup_stm32f303vctx.o
                0x00000000080008b0                RTC_Alarm_IRQHandler
                0x00000000080008b0                TIM8_TRG_COM_IRQHandler
                0x00000000080008b0                TIM8_CC_IRQHandler
                0x00000000080008b0                TIM1_CC_IRQHandler
                0x00000000080008b0                USB_HP_IRQHandler
                0x00000000080008b0                PVD_IRQHandler
                0x00000000080008b0                TAMP_STAMP_IRQHandler
                0x00000000080008b0                EXTI3_IRQHandler
                0x00000000080008b0                USB_HP_CAN_TX_IRQHandler
                0x00000000080008b0                EXTI0_IRQHandler
                0x00000000080008b0                I2C2_EV_IRQHandler
                0x00000000080008b0                FPU_IRQHandler
                0x00000000080008b0                TIM1_UP_TIM16_IRQHandler
                0x00000000080008b0                ADC1_2_IRQHandler
                0x00000000080008b0                SPI1_IRQHandler
                0x00000000080008b0                CAN_SCE_IRQHandler
                0x00000000080008b0                TIM6_DAC_IRQHandler
                0x00000000080008b0                TIM8_UP_IRQHandler
                0x00000000080008b0                DMA2_Channel2_IRQHandler
                0x00000000080008b0                DMA1_Channel4_IRQHandler
                0x00000000080008b0                USART3_IRQHandler
                0x00000000080008b0                DMA1_Channel7_IRQHandler
                0x00000000080008b0                UART5_IRQHandler
                0x00000000080008b0                ADC3_IRQHandler
                0x00000000080008b0                TIM4_IRQHandler
                0x00000000080008b0                CAN_RX1_IRQHandler
                0x00000000080008b0                DMA2_Channel1_IRQHandler
                0x00000000080008b0                I2C1_EV_IRQHandler
                0x00000000080008b0                DMA1_Channel6_IRQHandler
                0x00000000080008b0                UART4_IRQHandler
                0x00000000080008b0                DMA2_Channel4_IRQHandler
                0x00000000080008b0                TIM3_IRQHandler
                0x00000000080008b0                RCC_IRQHandler
                0x00000000080008b0                DMA1_Channel1_IRQHandler
                0x00000000080008b0                Default_Handler
                0x00000000080008b0                USBWakeUp_RMP_IRQHandler
                0x00000000080008b0                EXTI15_10_IRQHandler
                0x00000000080008b0                TIM7_IRQHandler
                0x00000000080008b0                EXTI9_5_IRQHandler
                0x00000000080008b0                RTC_WKUP_IRQHandler
                0x00000000080008b0                SPI2_IRQHandler
                0x00000000080008b0                USB_LP_CAN_RX0_IRQHandler
                0x00000000080008b0                DMA2_Channel5_IRQHandler
                0x00000000080008b0                DMA1_Channel5_IRQHandler
                0x00000000080008b0                USB_LP_IRQHandler
                0x00000000080008b0                EXTI4_IRQHandler
                0x00000000080008b0                TIM1_TRG_COM_TIM17_IRQHandler
                0x00000000080008b0                DMA1_Channel3_IRQHandler
                0x00000000080008b0                ADC4_IRQHandler
                0x00000000080008b0                WWDG_IRQHandler
                0x00000000080008b0                TIM2_IRQHandler
                0x00000000080008b0                COMP7_IRQHandler
                0x00000000080008b0                COMP1_2_3_IRQHandler
                0x00000000080008b0                EXTI1_IRQHandler
                0x00000000080008b0                USART2_IRQHandler
                0x00000000080008b0                COMP4_5_6_IRQHandler
                0x00000000080008b0                I2C2_ER_IRQHandler
                0x00000000080008b0                DMA1_Channel2_IRQHandler
                0x00000000080008b0                TIM8_BRK_IRQHandler
                0x00000000080008b0                FLASH_IRQHandler
                0x00000000080008b0                USART1_IRQHandler
                0x00000000080008b0                SPI3_IRQHandler
                0x00000000080008b0                I2C1_ER_IRQHandler
                0x00000000080008b0                USBWakeUp_IRQHandler
                0x00000000080008b0                DMA2_Channel3_IRQHandler
                0x00000000080008b0                EXTI2_TSC_IRQHandler
                0x00000000080008b0                TIM1_BRK_TIM15_IRQHandler
 *fill*         0x00000000080008b2        0x2 
 .text.HAL_Init
                0x00000000080008b4       0x2c ./Drivers/STM32F3xx_HAL_Driver/stm32f3xx_hal.o
                0x00000000080008b4                HAL_Init
 .text.HAL_InitTick
                0x00000000080008e0       0x60 ./Drivers/STM32F3xx_HAL_Driver/stm32f3xx_hal.o
                0x00000000080008e0                HAL_InitTick
 .text.HAL_IncTick
                0x0000000008000940       0x28 ./Drivers/STM32F3xx_HAL_Driver/stm32f3xx_hal.o
                0x0000000008000940                HAL_IncTick
 .text.HAL_GetTick
                0x0000000008000968       0x18 ./Drivers/STM32F3xx_HAL_Driver/stm32f3xx_hal.o
                0x0000000008000968                HAL_GetTick
 .text.__NVIC_SetPriorityGrouping
                0x0000000008000980       0x48 ./Drivers/STM32F3xx_HAL_Driver/stm32f3xx_hal_cortex.o
 .text.__NVIC_GetPriorityGrouping
                0x00000000080009c8       0x1c ./Drivers/STM32F3xx_HAL_Driver/stm32f3xx_hal_cortex.o
 .text.__NVIC_SetPriority
                0x00000000080009e4       0x54 ./Drivers/STM32F3xx_HAL_Driver/stm32f3xx_hal_cortex.o
 .text.NVIC_EncodePriority
                0x0000000008000a38       0x66 ./Drivers/STM32F3xx_HAL_Driver/stm32f3xx_hal_cortex.o
 *fill*         0x0000000008000a9e        0x2 
 .text.SysTick_Config
                0x0000000008000aa0       0x44 ./Drivers/STM32F3xx_HAL_Driver/stm32f3xx_hal_cortex.o
 .text.HAL_NVIC_SetPriorityGrouping
                0x0000000008000ae4       0x16 ./Drivers/STM32F3xx_HAL_Driver/stm32f3xx_hal_cortex.o
                0x0000000008000ae4                HAL_NVIC_SetPriorityGrouping
 .text.HAL_NVIC_SetPriority
                0x0000000008000afa       0x38 ./Drivers/STM32F3xx_HAL_Driver/stm32f3xx_hal_cortex.o
                0x0000000008000afa                HAL_NVIC_SetPriority
 .text.HAL_SYSTICK_Config
                0x0000000008000b32       0x18 ./Drivers/STM32F3xx_HAL_Driver/stm32f3xx_hal_cortex.o
                0x0000000008000b32                HAL_SYSTICK_Config
 *fill*         0x0000000008000b4a        0x2 
 .text.HAL_GPIO_Init
                0x0000000008000b4c      0x2f4 ./Drivers/STM32F3xx_HAL_Driver/stm32f3xx_hal_gpio.o
                0x0000000008000b4c                HAL_GPIO_Init
 .text.HAL_GPIO_WritePin
                0x0000000008000e40       0x30 ./Drivers/STM32F3xx_HAL_Driver/stm32f3xx_hal_gpio.o
                0x0000000008000e40                HAL_GPIO_WritePin
 .text.HAL_I2C_Init
                0x0000000008000e70      0x136 ./Drivers/STM32F3xx_HAL_Driver/stm32f3xx_hal_i2c.o
                0x0000000008000e70                HAL_I2C_Init
 .text.HAL_I2CEx_ConfigAnalogFilter
                0x0000000008000fa6       0x96 ./Drivers/STM32F3xx_HAL_Driver/stm32f3xx_hal_i2c_ex.o
                0x0000000008000fa6                HAL_I2CEx_ConfigAnalogFilter
 .text.HAL_I2CEx_ConfigDigitalFilter
                0x000000000800103c       0x98 ./Drivers/STM32F3xx_HAL_Driver/stm32f3xx_hal_i2c_ex.o
                0x000000000800103c                HAL_I2CEx_ConfigDigitalFilter
 .text.HAL_PCD_Init
                0x00000000080010d4      0x18e ./Drivers/STM32F3xx_HAL_Driver/stm32f3xx_hal_pcd.o
                0x00000000080010d4                HAL_PCD_Init
 *fill*         0x0000000008001262        0x2 
 .text.HAL_RCC_OscConfig
                0x0000000008001264     0x107c ./Drivers/STM32F3xx_HAL_Driver/stm32f3xx_hal_rcc.o
                0x0000000008001264                HAL_RCC_OscConfig
 .text.HAL_RCC_ClockConfig
                0x00000000080022e0      0x2f8 ./Drivers/STM32F3xx_HAL_Driver/stm32f3xx_hal_rcc.o
                0x00000000080022e0                HAL_RCC_ClockConfig
 .text.HAL_RCC_GetSysClockFreq
                0x00000000080025d8       0xa8 ./Drivers/STM32F3xx_HAL_Driver/stm32f3xx_hal_rcc.o
                0x00000000080025d8                HAL_RCC_GetSysClockFreq
 .text.HAL_RCCEx_PeriphCLKConfig
                0x0000000008002680      0x360 ./Drivers/STM32F3xx_HAL_Driver/stm32f3xx_hal_rcc_ex.o
                0x0000000008002680                HAL_RCCEx_PeriphCLKConfig
 .text.HAL_SPI_Init
                0x00000000080029e0      0x156 ./Drivers/STM32F3xx_HAL_Driver/stm32f3xx_hal_spi.o
                0x00000000080029e0                HAL_SPI_Init
 .text.USB_DisableGlobalInt
                0x0000000008002b36       0x36 ./Drivers/STM32F3xx_HAL_Driver/stm32f3xx_ll_usb.o
                0x0000000008002b36                USB_DisableGlobalInt
 .text.USB_DevInit
                0x0000000008002b6c       0x3c ./Drivers/STM32F3xx_HAL_Driver/stm32f3xx_ll_usb.o
                0x0000000008002b6c                USB_DevInit
 .text.__libc_init_array
                0x0000000008002ba8       0x48 /app/stm32cubeide/plugins/com.st.stm32cube.ide.mcu.externaltools.gnu-tools-for-stm32.10.3-2021.10.linux64_1.0.200.202301161003/tools/bin/../lib/gcc/arm-none-eabi/10.3.1/../../../../arm-none-eabi/lib/thumb/v7e-m+fp/hard/libc_nano.a(lib_a-init.o)
                0x0000000008002ba8                __libc_init_array
 .text.memset   0x0000000008002bf0       0x10 /app/stm32cubeide/plugins/com.st.stm32cube.ide.mcu.externaltools.gnu-tools-for-stm32.10.3-2021.10.linux64_1.0.200.202301161003/tools/bin/../lib/gcc/arm-none-eabi/10.3.1/../../../../arm-none-eabi/lib/thumb/v7e-m+fp/hard/libc_nano.a(lib_a-memset.o)
                0x0000000008002bf0                memset
 *(.glue_7)
 .glue_7        0x0000000008002c00        0x0 linker stubs
 *(.glue_7t)
 .glue_7t       0x0000000008002c00        0x0 linker stubs
 *(.eh_frame)
 .eh_frame      0x0000000008002c00        0x0 /app/stm32cubeide/plugins/com.st.stm32cube.ide.mcu.externaltools.gnu-tools-for-stm32.10.3-2021.10.linux64_1.0.200.202301161003/tools/bin/../lib/gcc/arm-none-eabi/10.3.1/thumb/v7e-m+fp/hard/crtbegin.o
 *(.init)
 .init          0x0000000008002c00        0x4 /app/stm32cubeide/plugins/com.st.stm32cube.ide.mcu.externaltools.gnu-tools-for-stm32.10.3-2021.10.linux64_1.0.200.202301161003/tools/bin/../lib/gcc/arm-none-eabi/10.3.1/thumb/v7e-m+fp/hard/crti.o
                0x0000000008002c00                _init
 .init          0x0000000008002c04        0x8 /app/stm32cubeide/plugins/com.st.stm32cube.ide.mcu.externaltools.gnu-tools-for-stm32.10.3-2021.10.linux64_1.0.200.202301161003/tools/bin/../lib/gcc/arm-none-eabi/10.3.1/thumb/v7e-m+fp/hard/crtn.o
 *(.fini)
 .fini          0x0000000008002c0c        0x4 /app/stm32cubeide/plugins/com.st.stm32cube.ide.mcu.externaltools.gnu-tools-for-stm32.10.3-2021.10.linux64_1.0.200.202301161003/tools/bin/../lib/gcc/arm-none-eabi/10.3.1/thumb/v7e-m+fp/hard/crti.o
                0x0000000008002c0c                _fini
 .fini          0x0000000008002c10        0x8 /app/stm32cubeide/plugins/com.st.stm32cube.ide.mcu.externaltools.gnu-tools-for-stm32.10.3-2021.10.linux64_1.0.200.202301161003/tools/bin/../lib/gcc/arm-none-eabi/10.3.1/thumb/v7e-m+fp/hard/crtn.o
                0x0000000008002c18                . = ALIGN (0x4)
                0x0000000008002c18                _etext = .

.vfp11_veneer   0x0000000008002c18        0x0
 .vfp11_veneer  0x0000000008002c18        0x0 linker stubs

.v4_bx          0x0000000008002c18        0x0
 .v4_bx         0x0000000008002c18        0x0 linker stubs

.iplt           0x0000000008002c18        0x0
 .iplt          0x0000000008002c18        0x0 /app/stm32cubeide/plugins/com.st.stm32cube.ide.mcu.externaltools.gnu-tools-for-stm32.10.3-2021.10.linux64_1.0.200.202301161003/tools/bin/../lib/gcc/arm-none-eabi/10.3.1/thumb/v7e-m+fp/hard/crtbegin.o

.rodata         0x0000000008002c18       0x30
                0x0000000008002c18                . = ALIGN (0x4)
 *(.rodata)
 *(.rodata*)
 .rodata.AHBPrescTable
                0x0000000008002c18       0x10 ./Core/Src/system_stm32f3xx.o
                0x0000000008002c18                AHBPrescTable
 .rodata.aPLLMULFactorTable
                0x0000000008002c28       0x10 ./Drivers/STM32F3xx_HAL_Driver/stm32f3xx_hal_rcc.o
 .rodata.aPredivFactorTable
                0x0000000008002c38       0x10 ./Drivers/STM32F3xx_HAL_Driver/stm32f3xx_hal_rcc.o
                0x0000000008002c48                . = ALIGN (0x4)

.rel.dyn        0x0000000008002c48        0x0
 .rel.iplt      0x0000000008002c48        0x0 /app/stm32cubeide/plugins/com.st.stm32cube.ide.mcu.externaltools.gnu-tools-for-stm32.10.3-2021.10.linux64_1.0.200.202301161003/tools/bin/../lib/gcc/arm-none-eabi/10.3.1/thumb/v7e-m+fp/hard/crtbegin.o

.ARM.extab      0x0000000008002c48        0x0
                0x0000000008002c48                . = ALIGN (0x4)
 *(.ARM.extab* .gnu.linkonce.armextab.*)
                0x0000000008002c48                . = ALIGN (0x4)

.ARM            0x0000000008002c48        0x0
                0x0000000008002c48                . = ALIGN (0x4)
                0x0000000008002c48                __exidx_start = .
 *(.ARM.exidx*)
                0x0000000008002c48                __exidx_end = .
                0x0000000008002c48                . = ALIGN (0x4)

.preinit_array  0x0000000008002c48        0x0
                0x0000000008002c48                . = ALIGN (0x4)
                0x0000000008002c48                PROVIDE (__preinit_array_start = .)
 *(.preinit_array*)
                0x0000000008002c48                PROVIDE (__preinit_array_end = .)
                0x0000000008002c48                . = ALIGN (0x4)

.init_array     0x0000000008002c48        0x4
                0x0000000008002c48                . = ALIGN (0x4)
                0x0000000008002c48                PROVIDE (__init_array_start = .)
 *(SORT_BY_NAME(.init_array.*))
 *(.init_array*)
 .init_array    0x0000000008002c48        0x4 /app/stm32cubeide/plugins/com.st.stm32cube.ide.mcu.externaltools.gnu-tools-for-stm32.10.3-2021.10.linux64_1.0.200.202301161003/tools/bin/../lib/gcc/arm-none-eabi/10.3.1/thumb/v7e-m+fp/hard/crtbegin.o
                0x0000000008002c4c                PROVIDE (__init_array_end = .)
                0x0000000008002c4c                . = ALIGN (0x4)

.fini_array     0x0000000008002c4c        0x4
                0x0000000008002c4c                . = ALIGN (0x4)
                [!provide]                        PROVIDE (__fini_array_start = .)
 *(SORT_BY_NAME(.fini_array.*))
 *(.fini_array*)
 .fini_array    0x0000000008002c4c        0x4 /app/stm32cubeide/plugins/com.st.stm32cube.ide.mcu.externaltools.gnu-tools-for-stm32.10.3-2021.10.linux64_1.0.200.202301161003/tools/bin/../lib/gcc/arm-none-eabi/10.3.1/thumb/v7e-m+fp/hard/crtbegin.o
                [!provide]                        PROVIDE (__fini_array_end = .)
                0x0000000008002c50                . = ALIGN (0x4)
                0x0000000008002c50                _sidata = LOADADDR (.data)

.data           0x0000000020000000        0xc load address 0x0000000008002c50
                0x0000000020000000                . = ALIGN (0x4)
                0x0000000020000000                _sdata = .
 *(.data)
 *(.data*)
 .data.SystemCoreClock
                0x0000000020000000        0x4 ./Core/Src/system_stm32f3xx.o
                0x0000000020000000                SystemCoreClock
 .data.uwTickPrio
                0x0000000020000004        0x4 ./Drivers/STM32F3xx_HAL_Driver/stm32f3xx_hal.o
                0x0000000020000004                uwTickPrio
 .data.uwTickFreq
                0x0000000020000008        0x1 ./Drivers/STM32F3xx_HAL_Driver/stm32f3xx_hal.o
                0x0000000020000008                uwTickFreq
 *(.RamFunc)
 *(.RamFunc*)
                0x000000002000000c                . = ALIGN (0x4)
 *fill*         0x0000000020000009        0x3 
                0x000000002000000c                _edata = .
                0x0000000008002c5c                _siccmram = LOADADDR (.ccmram)

.igot.plt       0x000000002000000c        0x0 load address 0x0000000008002c5c
 .igot.plt      0x000000002000000c        0x0 /app/stm32cubeide/plugins/com.st.stm32cube.ide.mcu.externaltools.gnu-tools-for-stm32.10.3-2021.10.linux64_1.0.200.202301161003/tools/bin/../lib/gcc/arm-none-eabi/10.3.1/thumb/v7e-m+fp/hard/crtbegin.o

.ccmram         0x0000000010000000        0x0 load address 0x0000000008002c5c
                0x0000000010000000                . = ALIGN (0x4)
                0x0000000010000000                _sccmram = .
 *(.ccmram)
 *(.ccmram*)
                0x0000000010000000                . = ALIGN (0x4)
                0x0000000010000000                _eccmram = .
                0x0000000010000000                . = ALIGN (0x4)

.bss            0x000000002000000c      0x410
                0x000000002000000c                _sbss = .
                0x000000002000000c                __bss_start__ = _sbss
 *(.bss)
 .bss           0x000000002000000c       0x1c /app/stm32cubeide/plugins/com.st.stm32cube.ide.mcu.externaltools.gnu-tools-for-stm32.10.3-2021.10.linux64_1.0.200.202301161003/tools/bin/../lib/gcc/arm-none-eabi/10.3.1/thumb/v7e-m+fp/hard/crtbegin.o
 *(.bss*)
 .bss.hi2c1     0x0000000020000028       0x54 ./Core/Src/i2c.o
                0x0000000020000028                hi2c1
 .bss.hspi1     0x000000002000007c       0x64 ./Core/Src/spi.o
                0x000000002000007c                hspi1
 .bss.hspi2     0x00000000200000e0       0x64 ./Core/Src/spi.o
                0x00000000200000e0                hspi2
 .bss.hpcd_USB_FS
                0x0000000020000144      0x2d4 ./Core/Src/usb.o
                0x0000000020000144                hpcd_USB_FS
 .bss.uwTick    0x0000000020000418        0x4 ./Drivers/STM32F3xx_HAL_Driver/stm32f3xx_hal.o
                0x0000000020000418                uwTick
 *(COMMON)
                0x000000002000041c                . = ALIGN (0x4)
                0x000000002000041c                _ebss = .
                0x000000002000041c                __bss_end__ = _ebss

._user_heap_stack
                0x000000002000041c      0x604
                0x0000000020000420                . = ALIGN (0x8)
 *fill*         0x000000002000041c        0x4 
                [!provide]                        PROVIDE (end = .)
                0x0000000020000420                PROVIDE (_end = .)
                0x0000000020000620                . = (. + _Min_Heap_Size)
 *fill*         0x0000000020000420      0x200 
                0x0000000020000a20                . = (. + _Min_Stack_Size)
 *fill*         0x0000000020000620      0x400 
                0x0000000020000a20                . = ALIGN (0x8)

/DISCARD/
 libc.a(*)
 libm.a(*)
 libgcc.a(*)

.ARM.attributes
                0x0000000000000000       0x30
 *(.ARM.attributes)
 .ARM.attributes
                0x0000000000000000       0x1e /app/stm32cubeide/plugins/com.st.stm32cube.ide.mcu.externaltools.gnu-tools-for-stm32.10.3-2021.10.linux64_1.0.200.202301161003/tools/bin/../lib/gcc/arm-none-eabi/10.3.1/thumb/v7e-m+fp/hard/crti.o
 .ARM.attributes
                0x000000000000001e       0x34 /app/stm32cubeide/plugins/com.st.stm32cube.ide.mcu.externaltools.gnu-tools-for-stm32.10.3-2021.10.linux64_1.0.200.202301161003/tools/bin/../lib/gcc/arm-none-eabi/10.3.1/thumb/v7e-m+fp/hard/crtbegin.o
 .ARM.attributes
                0x0000000000000052       0x34 ./Core/Src/gpio.o
 .ARM.attributes
                0x0000000000000086       0x34 ./Core/Src/i2c.o
 .ARM.attributes
                0x00000000000000ba       0x34 ./Core/Src/main.o
 .ARM.attributes
                0x00000000000000ee       0x34 ./Core/Src/spi.o
 .ARM.attributes
                0x0000000000000122       0x34 ./Core/Src/stm32f3xx_hal_msp.o
 .ARM.attributes
                0x0000000000000156       0x34 ./Core/Src/stm32f3xx_it.o
 .ARM.attributes
                0x000000000000018a       0x34 ./Core/Src/system_stm32f3xx.o
 .ARM.attributes
                0x00000000000001be       0x34 ./Core/Src/usb.o
 .ARM.attributes
                0x00000000000001f2       0x21 ./Core/Startup/startup_stm32f303vctx.o
 .ARM.attributes
                0x0000000000000213       0x34 ./Drivers/STM32F3xx_HAL_Driver/stm32f3xx_hal.o
 .ARM.attributes
                0x0000000000000247       0x34 ./Drivers/STM32F3xx_HAL_Driver/stm32f3xx_hal_cortex.o
 .ARM.attributes
                0x000000000000027b       0x34 ./Drivers/STM32F3xx_HAL_Driver/stm32f3xx_hal_gpio.o
 .ARM.attributes
                0x00000000000002af       0x34 ./Drivers/STM32F3xx_HAL_Driver/stm32f3xx_hal_i2c.o
 .ARM.attributes
                0x00000000000002e3       0x34 ./Drivers/STM32F3xx_HAL_Driver/stm32f3xx_hal_i2c_ex.o
 .ARM.attributes
                0x0000000000000317       0x34 ./Drivers/STM32F3xx_HAL_Driver/stm32f3xx_hal_pcd.o
 .ARM.attributes
                0x000000000000034b       0x34 ./Drivers/STM32F3xx_HAL_Driver/stm32f3xx_hal_rcc.o
 .ARM.attributes
                0x000000000000037f       0x34 ./Drivers/STM32F3xx_HAL_Driver/stm32f3xx_hal_rcc_ex.o
 .ARM.attributes
                0x00000000000003b3       0x34 ./Drivers/STM32F3xx_HAL_Driver/stm32f3xx_hal_spi.o
 .ARM.attributes
                0x00000000000003e7       0x34 ./Drivers/STM32F3xx_HAL_Driver/stm32f3xx_ll_usb.o
 .ARM.attributes
                0x000000000000041b       0x34 /app/stm32cubeide/plugins/com.st.stm32cube.ide.mcu.externaltools.gnu-tools-for-stm32.10.3-2021.10.linux64_1.0.200.202301161003/tools/bin/../lib/gcc/arm-none-eabi/10.3.1/../../../../arm-none-eabi/lib/thumb/v7e-m+fp/hard/libc_nano.a(lib_a-init.o)
 .ARM.attributes
                0x000000000000044f       0x34 /app/stm32cubeide/plugins/com.st.stm32cube.ide.mcu.externaltools.gnu-tools-for-stm32.10.3-2021.10.linux64_1.0.200.202301161003/tools/bin/../lib/gcc/arm-none-eabi/10.3.1/../../../../arm-none-eabi/lib/thumb/v7e-m+fp/hard/libc_nano.a(lib_a-memset.o)
 .ARM.attributes
                0x0000000000000483       0x1e /app/stm32cubeide/plugins/com.st.stm32cube.ide.mcu.externaltools.gnu-tools-for-stm32.10.3-2021.10.linux64_1.0.200.202301161003/tools/bin/../lib/gcc/arm-none-eabi/10.3.1/thumb/v7e-m+fp/hard/crtn.o
OUTPUT(LibraryForPhone.elf elf32-littlearm)
LOAD linker stubs
LOAD /app/stm32cubeide/plugins/com.st.stm32cube.ide.mcu.externaltools.gnu-tools-for-stm32.10.3-2021.10.linux64_1.0.200.202301161003/tools/bin/../lib/gcc/arm-none-eabi/10.3.1/../../../../arm-none-eabi/lib/thumb/v7e-m+fp/hard/libc.a
LOAD /app/stm32cubeide/plugins/com.st.stm32cube.ide.mcu.externaltools.gnu-tools-for-stm32.10.3-2021.10.linux64_1.0.200.202301161003/tools/bin/../lib/gcc/arm-none-eabi/10.3.1/../../../../arm-none-eabi/lib/thumb/v7e-m+fp/hard/libm.a
LOAD /app/stm32cubeide/plugins/com.st.stm32cube.ide.mcu.externaltools.gnu-tools-for-stm32.10.3-2021.10.linux64_1.0.200.202301161003/tools/bin/../lib/gcc/arm-none-eabi/10.3.1/thumb/v7e-m+fp/hard/libgcc.a

.debug_info     0x0000000000000000     0xd36a
 .debug_info    0x0000000000000000      0x3a0 ./Core/Src/gpio.o
 .debug_info    0x00000000000003a0      0x943 ./Core/Src/i2c.o
 .debug_info    0x0000000000000ce3      0x3ee ./Core/Src/main.o
 .debug_info    0x00000000000010d1      0x93d ./Core/Src/spi.o
 .debug_info    0x0000000000001a0e      0x1bd ./Core/Src/stm32f3xx_hal_msp.o
 .debug_info    0x0000000000001bcb      0x122 ./Core/Src/stm32f3xx_it.o
 .debug_info    0x0000000000001ced      0x416 ./Core/Src/system_stm32f3xx.o
 .debug_info    0x0000000000002103      0x8ab ./Core/Src/usb.o
 .debug_info    0x00000000000029ae       0x22 ./Core/Startup/startup_stm32f303vctx.o
 .debug_info    0x00000000000029d0      0x807 ./Drivers/STM32F3xx_HAL_Driver/stm32f3xx_hal.o
 .debug_info    0x00000000000031d7      0xdba ./Drivers/STM32F3xx_HAL_Driver/stm32f3xx_hal_cortex.o
 .debug_info    0x0000000000003f91      0x68a ./Drivers/STM32F3xx_HAL_Driver/stm32f3xx_hal_gpio.o
 .debug_info    0x000000000000461b     0x22ef ./Drivers/STM32F3xx_HAL_Driver/stm32f3xx_hal_i2c.o
 .debug_info    0x000000000000690a      0x89f ./Drivers/STM32F3xx_HAL_Driver/stm32f3xx_hal_i2c_ex.o
 .debug_info    0x00000000000071a9     0x17cb ./Drivers/STM32F3xx_HAL_Driver/stm32f3xx_hal_pcd.o
 .debug_info    0x0000000000008974     0x151b ./Drivers/STM32F3xx_HAL_Driver/stm32f3xx_hal_rcc.o
 .debug_info    0x0000000000009e8f      0x5e0 ./Drivers/STM32F3xx_HAL_Driver/stm32f3xx_hal_rcc_ex.o
 .debug_info    0x000000000000a46f     0x178c ./Drivers/STM32F3xx_HAL_Driver/stm32f3xx_hal_spi.o
 .debug_info    0x000000000000bbfb     0x176f ./Drivers/STM32F3xx_HAL_Driver/stm32f3xx_ll_usb.o

.debug_abbrev   0x0000000000000000     0x224c
 .debug_abbrev  0x0000000000000000      0x146 ./Core/Src/gpio.o
 .debug_abbrev  0x0000000000000146      0x202 ./Core/Src/i2c.o
 .debug_abbrev  0x0000000000000348      0x18e ./Core/Src/main.o
 .debug_abbrev  0x00000000000004d6      0x1e0 ./Core/Src/spi.o
 .debug_abbrev  0x00000000000006b6       0xde ./Core/Src/stm32f3xx_hal_msp.o
 .debug_abbrev  0x0000000000000794       0x74 ./Core/Src/stm32f3xx_it.o
 .debug_abbrev  0x0000000000000808      0x116 ./Core/Src/system_stm32f3xx.o
 .debug_abbrev  0x000000000000091e      0x1e6 ./Core/Src/usb.o
 .debug_abbrev  0x0000000000000b04       0x12 ./Core/Startup/startup_stm32f303vctx.o
 .debug_abbrev  0x0000000000000b16      0x20e ./Drivers/STM32F3xx_HAL_Driver/stm32f3xx_hal.o
 .debug_abbrev  0x0000000000000d24      0x30d ./Drivers/STM32F3xx_HAL_Driver/stm32f3xx_hal_cortex.o
 .debug_abbrev  0x0000000000001031      0x1bb ./Drivers/STM32F3xx_HAL_Driver/stm32f3xx_hal_gpio.o
 .debug_abbrev  0x00000000000011ec      0x24a ./Drivers/STM32F3xx_HAL_Driver/stm32f3xx_hal_i2c.o
 .debug_abbrev  0x0000000000001436      0x1b0 ./Drivers/STM32F3xx_HAL_Driver/stm32f3xx_hal_i2c_ex.o
 .debug_abbrev  0x00000000000015e6      0x2c7 ./Drivers/STM32F3xx_HAL_Driver/stm32f3xx_hal_pcd.o
 .debug_abbrev  0x00000000000018ad      0x2f9 ./Drivers/STM32F3xx_HAL_Driver/stm32f3xx_hal_rcc.o
 .debug_abbrev  0x0000000000001ba6      0x21c ./Drivers/STM32F3xx_HAL_Driver/stm32f3xx_hal_rcc_ex.o
 .debug_abbrev  0x0000000000001dc2      0x254 ./Drivers/STM32F3xx_HAL_Driver/stm32f3xx_hal_spi.o
 .debug_abbrev  0x0000000000002016      0x236 ./Drivers/STM32F3xx_HAL_Driver/stm32f3xx_ll_usb.o

.debug_aranges  0x0000000000000000      0xba0
 .debug_aranges
                0x0000000000000000       0x20 ./Core/Src/gpio.o
 .debug_aranges
                0x0000000000000020       0x30 ./Core/Src/i2c.o
 .debug_aranges
                0x0000000000000050       0x30 ./Core/Src/main.o
 .debug_aranges
                0x0000000000000080       0x38 ./Core/Src/spi.o
 .debug_aranges
                0x00000000000000b8       0x20 ./Core/Src/stm32f3xx_hal_msp.o
 .debug_aranges
                0x00000000000000d8       0x60 ./Core/Src/stm32f3xx_it.o
 .debug_aranges
                0x0000000000000138       0x28 ./Core/Src/system_stm32f3xx.o
 .debug_aranges
                0x0000000000000160       0x30 ./Core/Src/usb.o
 .debug_aranges
                0x0000000000000190       0x28 ./Core/Startup/startup_stm32f303vctx.o
 .debug_aranges
                0x00000000000001b8       0xe0 ./Drivers/STM32F3xx_HAL_Driver/stm32f3xx_hal.o
 .debug_aranges
                0x0000000000000298      0x128 ./Drivers/STM32F3xx_HAL_Driver/stm32f3xx_hal_cortex.o
 .debug_aranges
                0x00000000000003c0       0x58 ./Drivers/STM32F3xx_HAL_Driver/stm32f3xx_hal_gpio.o
 .debug_aranges
                0x0000000000000418      0x2a0 ./Drivers/STM32F3xx_HAL_Driver/stm32f3xx_hal_i2c.o
 .debug_aranges
                0x00000000000006b8       0x48 ./Drivers/STM32F3xx_HAL_Driver/stm32f3xx_hal_i2c_ex.o
 .debug_aranges
                0x0000000000000700      0x140 ./Drivers/STM32F3xx_HAL_Driver/stm32f3xx_hal_pcd.o
 .debug_aranges
                0x0000000000000840       0x88 ./Drivers/STM32F3xx_HAL_Driver/stm32f3xx_hal_rcc.o
 .debug_aranges
                0x00000000000008c8       0x38 ./Drivers/STM32F3xx_HAL_Driver/stm32f3xx_hal_rcc_ex.o
 .debug_aranges
                0x0000000000000900      0x1d8 ./Drivers/STM32F3xx_HAL_Driver/stm32f3xx_hal_spi.o
 .debug_aranges
                0x0000000000000ad8       0xc8 ./Drivers/STM32F3xx_HAL_Driver/stm32f3xx_ll_usb.o

.debug_ranges   0x0000000000000000      0xa78
 .debug_ranges  0x0000000000000000       0x10 ./Core/Src/gpio.o
 .debug_ranges  0x0000000000000010       0x20 ./Core/Src/i2c.o
 .debug_ranges  0x0000000000000030       0x20 ./Core/Src/main.o
 .debug_ranges  0x0000000000000050       0x28 ./Core/Src/spi.o
 .debug_ranges  0x0000000000000078       0x10 ./Core/Src/stm32f3xx_hal_msp.o
 .debug_ranges  0x0000000000000088       0x50 ./Core/Src/stm32f3xx_it.o
 .debug_ranges  0x00000000000000d8       0x18 ./Core/Src/system_stm32f3xx.o
 .debug_ranges  0x00000000000000f0       0x20 ./Core/Src/usb.o
 .debug_ranges  0x0000000000000110       0x20 ./Core/Startup/startup_stm32f303vctx.o
 .debug_ranges  0x0000000000000130       0xd0 ./Drivers/STM32F3xx_HAL_Driver/stm32f3xx_hal.o
 .debug_ranges  0x0000000000000200      0x118 ./Drivers/STM32F3xx_HAL_Driver/stm32f3xx_hal_cortex.o
 .debug_ranges  0x0000000000000318       0x48 ./Drivers/STM32F3xx_HAL_Driver/stm32f3xx_hal_gpio.o
 .debug_ranges  0x0000000000000360      0x290 ./Drivers/STM32F3xx_HAL_Driver/stm32f3xx_hal_i2c.o
 .debug_ranges  0x00000000000005f0       0x38 ./Drivers/STM32F3xx_HAL_Driver/stm32f3xx_hal_i2c_ex.o
 .debug_ranges  0x0000000000000628      0x130 ./Drivers/STM32F3xx_HAL_Driver/stm32f3xx_hal_pcd.o
 .debug_ranges  0x0000000000000758       0x78 ./Drivers/STM32F3xx_HAL_Driver/stm32f3xx_hal_rcc.o
 .debug_ranges  0x00000000000007d0       0x28 ./Drivers/STM32F3xx_HAL_Driver/stm32f3xx_hal_rcc_ex.o
 .debug_ranges  0x00000000000007f8      0x1c8 ./Drivers/STM32F3xx_HAL_Driver/stm32f3xx_hal_spi.o
 .debug_ranges  0x00000000000009c0       0xb8 ./Drivers/STM32F3xx_HAL_Driver/stm32f3xx_ll_usb.o

.debug_macro    0x0000000000000000    0x1d36d
 .debug_macro   0x0000000000000000      0x201 ./Core/Src/gpio.o
 .debug_macro   0x0000000000000201      0xa78 ./Core/Src/gpio.o
 .debug_macro   0x0000000000000c79      0x157 ./Core/Src/gpio.o
 .debug_macro   0x0000000000000dd0       0x2e ./Core/Src/gpio.o
 .debug_macro   0x0000000000000dfe       0x28 ./Core/Src/gpio.o
 .debug_macro   0x0000000000000e26       0x22 ./Core/Src/gpio.o
 .debug_macro   0x0000000000000e48       0x8e ./Core/Src/gpio.o
 .debug_macro   0x0000000000000ed6       0x51 ./Core/Src/gpio.o
 .debug_macro   0x0000000000000f27      0x103 ./Core/Src/gpio.o
 .debug_macro   0x000000000000102a       0x6a ./Core/Src/gpio.o
 .debug_macro   0x0000000000001094      0x1df ./Core/Src/gpio.o
 .debug_macro   0x0000000000001273       0x1c ./Core/Src/gpio.o
 .debug_macro   0x000000000000128f       0x22 ./Core/Src/gpio.o
 .debug_macro   0x00000000000012b1       0xd9 ./Core/Src/gpio.o
 .debug_macro   0x000000000000138a     0x102d ./Core/Src/gpio.o
 .debug_macro   0x00000000000023b7      0x11f ./Core/Src/gpio.o
 .debug_macro   0x00000000000024d6    0x12a3a ./Core/Src/gpio.o
 .debug_macro   0x0000000000014f10       0x6d ./Core/Src/gpio.o
 .debug_macro   0x0000000000014f7d     0x3574 ./Core/Src/gpio.o
 .debug_macro   0x00000000000184f1      0x174 ./Core/Src/gpio.o
 .debug_macro   0x0000000000018665       0x55 ./Core/Src/gpio.o
 .debug_macro   0x00000000000186ba      0x961 ./Core/Src/gpio.o
 .debug_macro   0x000000000001901b      0x5fe ./Core/Src/gpio.o
 .debug_macro   0x0000000000019619      0x1b5 ./Core/Src/gpio.o
 .debug_macro   0x00000000000197ce      0x1fb ./Core/Src/gpio.o
 .debug_macro   0x00000000000199c9      0x1dc ./Core/Src/gpio.o
 .debug_macro   0x0000000000019ba5      0x1bc ./Core/Src/gpio.o
 .debug_macro   0x0000000000019d61       0x30 ./Core/Src/gpio.o
 .debug_macro   0x0000000000019d91       0x3c ./Core/Src/gpio.o
 .debug_macro   0x0000000000019dcd      0x235 ./Core/Src/gpio.o
 .debug_macro   0x000000000001a002       0xc5 ./Core/Src/gpio.o
 .debug_macro   0x000000000001a0c7      0x21d ./Core/Src/gpio.o
 .debug_macro   0x000000000001a2e4      0x22c ./Core/Src/gpio.o
 .debug_macro   0x000000000001a510       0x5b ./Core/Src/gpio.o
 .debug_macro   0x000000000001a56b       0xa5 ./Core/Src/gpio.o
 .debug_macro   0x000000000001a610       0x73 ./Core/Src/gpio.o
 .debug_macro   0x000000000001a683      0x242 ./Core/Src/gpio.o
 .debug_macro   0x000000000001a8c5       0x81 ./Core/Src/gpio.o
 .debug_macro   0x000000000001a946       0xd3 ./Core/Src/gpio.o
 .debug_macro   0x000000000001aa19      0x2fe ./Core/Src/gpio.o
 .debug_macro   0x000000000001ad17      0x275 ./Core/Src/gpio.o
 .debug_macro   0x000000000001af8c      0x19c ./Core/Src/gpio.o
 .debug_macro   0x000000000001b128      0x201 ./Core/Src/i2c.o
 .debug_macro   0x000000000001b329      0x223 ./Core/Src/main.o
 .debug_macro   0x000000000001b54c      0x201 ./Core/Src/spi.o
 .debug_macro   0x000000000001b74d      0x1f7 ./Core/Src/stm32f3xx_hal_msp.o
 .debug_macro   0x000000000001b944      0x201 ./Core/Src/stm32f3xx_it.o
 .debug_macro   0x000000000001bb45      0x1e8 ./Core/Src/system_stm32f3xx.o
 .debug_macro   0x000000000001bd2d      0x201 ./Core/Src/usb.o
 .debug_macro   0x000000000001bf2e      0x20c ./Drivers/STM32F3xx_HAL_Driver/stm32f3xx_hal.o
 .debug_macro   0x000000000001c13a      0x1e8 ./Drivers/STM32F3xx_HAL_Driver/stm32f3xx_hal_cortex.o
 .debug_macro   0x000000000001c322      0x1ef ./Drivers/STM32F3xx_HAL_Driver/stm32f3xx_hal_gpio.o
 .debug_macro   0x000000000001c511      0x2b4 ./Drivers/STM32F3xx_HAL_Driver/stm32f3xx_hal_i2c.o
 .debug_macro   0x000000000001c7c5      0x1e8 ./Drivers/STM32F3xx_HAL_Driver/stm32f3xx_hal_i2c_ex.o
 .debug_macro   0x000000000001c9ad      0x1f4 ./Drivers/STM32F3xx_HAL_Driver/stm32f3xx_hal_pcd.o
 .debug_macro   0x000000000001cba1      0x20c ./Drivers/STM32F3xx_HAL_Driver/stm32f3xx_hal_rcc.o
 .debug_macro   0x000000000001cdad      0x1e8 ./Drivers/STM32F3xx_HAL_Driver/stm32f3xx_hal_rcc_ex.o
 .debug_macro   0x000000000001cf95      0x1f0 ./Drivers/STM32F3xx_HAL_Driver/stm32f3xx_hal_spi.o
 .debug_macro   0x000000000001d185      0x1e8 ./Drivers/STM32F3xx_HAL_Driver/stm32f3xx_ll_usb.o

.debug_line     0x0000000000000000    0x10f8e
 .debug_line    0x0000000000000000      0x7c5 ./Core/Src/gpio.o
 .debug_line    0x00000000000007c5      0x80f ./Core/Src/i2c.o
 .debug_line    0x0000000000000fd4      0x840 ./Core/Src/main.o
 .debug_line    0x0000000000001814      0x887 ./Core/Src/spi.o
 .debug_line    0x000000000000209b      0x793 ./Core/Src/stm32f3xx_hal_msp.o
 .debug_line    0x000000000000282e      0x855 ./Core/Src/stm32f3xx_it.o
 .debug_line    0x0000000000003083      0x809 ./Core/Src/system_stm32f3xx.o
 .debug_line    0x000000000000388c      0x7f2 ./Core/Src/usb.o
 .debug_line    0x000000000000407e       0x88 ./Core/Startup/startup_stm32f303vctx.o
 .debug_line    0x0000000000004106      0xa75 ./Drivers/STM32F3xx_HAL_Driver/stm32f3xx_hal.o
 .debug_line    0x0000000000004b7b      0xd68 ./Drivers/STM32F3xx_HAL_Driver/stm32f3xx_hal_cortex.o
 .debug_line    0x00000000000058e3      0xbd4 ./Drivers/STM32F3xx_HAL_Driver/stm32f3xx_hal_gpio.o
 .debug_line    0x00000000000064b7     0x3a3f ./Drivers/STM32F3xx_HAL_Driver/stm32f3xx_hal_i2c.o
 .debug_line    0x0000000000009ef6      0x9e7 ./Drivers/STM32F3xx_HAL_Driver/stm32f3xx_hal_i2c_ex.o
 .debug_line    0x000000000000a8dd     0x13d9 ./Drivers/STM32F3xx_HAL_Driver/stm32f3xx_hal_pcd.o
 .debug_line    0x000000000000bcb6     0x1412 ./Drivers/STM32F3xx_HAL_Driver/stm32f3xx_hal_rcc.o
 .debug_line    0x000000000000d0c8      0xdb4 ./Drivers/STM32F3xx_HAL_Driver/stm32f3xx_hal_rcc_ex.o
 .debug_line    0x000000000000de7c     0x2071 ./Drivers/STM32F3xx_HAL_Driver/stm32f3xx_hal_spi.o
 .debug_line    0x000000000000feed     0x10a1 ./Drivers/STM32F3xx_HAL_Driver/stm32f3xx_ll_usb.o

.debug_str      0x0000000000000000    0xab5a4
 .debug_str     0x0000000000000000    0xa7ac0 ./Core/Src/gpio.o
                                      0xa8154 (size before relaxing)
 .debug_str     0x00000000000a7ac0      0x48b ./Core/Src/i2c.o
                                      0xa8651 (size before relaxing)
 .debug_str     0x00000000000a7f4b      0x31f ./Core/Src/main.o
                                      0xa8399 (size before relaxing)
 .debug_str     0x00000000000a826a      0x216 ./Core/Src/spi.o
                                      0xa8599 (size before relaxing)
 .debug_str     0x00000000000a8480       0x49 ./Core/Src/stm32f3xx_hal_msp.o
                                      0xa80a6 (size before relaxing)
 .debug_str     0x00000000000a84c9       0xc9 ./Core/Src/stm32f3xx_it.o
                                      0xa80b8 (size before relaxing)
 .debug_str     0x00000000000a8592       0xe9 ./Core/Src/system_stm32f3xx.o
                                      0xa7b36 (size before relaxing)
 .debug_str     0x00000000000a867b      0x33c ./Core/Src/usb.o
                                      0xa8514 (size before relaxing)
 .debug_str     0x00000000000a89b7       0x36 ./Core/Startup/startup_stm32f303vctx.o
                                         0x7c (size before relaxing)
 .debug_str     0x00000000000a89ed      0x6f4 ./Drivers/STM32F3xx_HAL_Driver/stm32f3xx_hal.o
                                      0xa83ab (size before relaxing)
 .debug_str     0x00000000000a90e1      0x3b6 ./Drivers/STM32F3xx_HAL_Driver/stm32f3xx_hal_cortex.o
                                      0xa842f (size before relaxing)
 .debug_str     0x00000000000a9497      0x167 ./Drivers/STM32F3xx_HAL_Driver/stm32f3xx_hal_gpio.o
                                      0xa7cda (size before relaxing)
 .debug_str     0x00000000000a95fe      0xeac ./Drivers/STM32F3xx_HAL_Driver/stm32f3xx_hal_i2c.o
                                      0xa8e6d (size before relaxing)
 .debug_str     0x00000000000aa4aa       0xef ./Drivers/STM32F3xx_HAL_Driver/stm32f3xx_hal_i2c_ex.o
                                      0xa8064 (size before relaxing)
 .debug_str     0x00000000000aa599      0x563 ./Drivers/STM32F3xx_HAL_Driver/stm32f3xx_hal_pcd.o
                                      0xa83a2 (size before relaxing)
 .debug_str     0x00000000000aaafc      0x2fd ./Drivers/STM32F3xx_HAL_Driver/stm32f3xx_hal_rcc.o
                                      0xa800d (size before relaxing)
 .debug_str     0x00000000000aadf9       0xf5 ./Drivers/STM32F3xx_HAL_Driver/stm32f3xx_hal_rcc_ex.o
                                      0xa7dd1 (size before relaxing)
 .debug_str     0x00000000000aaeee      0x5a7 ./Drivers/STM32F3xx_HAL_Driver/stm32f3xx_hal_spi.o
                                      0xa8493 (size before relaxing)
 .debug_str     0x00000000000ab495      0x10f ./Drivers/STM32F3xx_HAL_Driver/stm32f3xx_ll_usb.o
                                      0xa7ef7 (size before relaxing)

.comment        0x0000000000000000       0x50
 .comment       0x0000000000000000       0x50 ./Core/Src/gpio.o
                                         0x51 (size before relaxing)
 .comment       0x0000000000000050       0x51 ./Core/Src/i2c.o
 .comment       0x0000000000000050       0x51 ./Core/Src/main.o
 .comment       0x0000000000000050       0x51 ./Core/Src/spi.o
 .comment       0x0000000000000050       0x51 ./Core/Src/stm32f3xx_hal_msp.o
 .comment       0x0000000000000050       0x51 ./Core/Src/stm32f3xx_it.o
 .comment       0x0000000000000050       0x51 ./Core/Src/system_stm32f3xx.o
 .comment       0x0000000000000050       0x51 ./Core/Src/usb.o
 .comment       0x0000000000000050       0x51 ./Drivers/STM32F3xx_HAL_Driver/stm32f3xx_hal.o
 .comment       0x0000000000000050       0x51 ./Drivers/STM32F3xx_HAL_Driver/stm32f3xx_hal_cortex.o
 .comment       0x0000000000000050       0x51 ./Drivers/STM32F3xx_HAL_Driver/stm32f3xx_hal_gpio.o
 .comment       0x0000000000000050       0x51 ./Drivers/STM32F3xx_HAL_Driver/stm32f3xx_hal_i2c.o
 .comment       0x0000000000000050       0x51 ./Drivers/STM32F3xx_HAL_Driver/stm32f3xx_hal_i2c_ex.o
 .comment       0x0000000000000050       0x51 ./Drivers/STM32F3xx_HAL_Driver/stm32f3xx_hal_pcd.o
 .comment       0x0000000000000050       0x51 ./Drivers/STM32F3xx_HAL_Driver/stm32f3xx_hal_rcc.o
 .comment       0x0000000000000050       0x51 ./Drivers/STM32F3xx_HAL_Driver/stm32f3xx_hal_rcc_ex.o
 .comment       0x0000000000000050       0x51 ./Drivers/STM32F3xx_HAL_Driver/stm32f3xx_hal_spi.o
 .comment       0x0000000000000050       0x51 ./Drivers/STM32F3xx_HAL_Driver/stm32f3xx_ll_usb.o

.debug_frame    0x0000000000000000     0x2ec8
 .debug_frame   0x0000000000000000       0x34 ./Core/Src/gpio.o
 .debug_frame   0x0000000000000034       0x74 ./Core/Src/i2c.o
 .debug_frame   0x00000000000000a8       0x6c ./Core/Src/main.o
 .debug_frame   0x0000000000000114       0x90 ./Core/Src/spi.o
 .debug_frame   0x00000000000001a4       0x34 ./Core/Src/stm32f3xx_hal_msp.o
 .debug_frame   0x00000000000001d8      0x104 ./Core/Src/stm32f3xx_it.o
 .debug_frame   0x00000000000002dc       0x58 ./Core/Src/system_stm32f3xx.o
 .debug_frame   0x0000000000000334       0x74 ./Core/Src/usb.o
 .debug_frame   0x00000000000003a8      0x334 ./Drivers/STM32F3xx_HAL_Driver/stm32f3xx_hal.o
 .debug_frame   0x00000000000006dc      0x4e8 ./Drivers/STM32F3xx_HAL_Driver/stm32f3xx_hal_cortex.o
 .debug_frame   0x0000000000000bc4      0x14c ./Drivers/STM32F3xx_HAL_Driver/stm32f3xx_hal_gpio.o
 .debug_frame   0x0000000000000d10      0xc38 ./Drivers/STM32F3xx_HAL_Driver/stm32f3xx_hal_i2c.o
 .debug_frame   0x0000000000001948      0x100 ./Drivers/STM32F3xx_HAL_Driver/stm32f3xx_hal_i2c_ex.o
 .debug_frame   0x0000000000001a48      0x590 ./Drivers/STM32F3xx_HAL_Driver/stm32f3xx_hal_pcd.o
 .debug_frame   0x0000000000001fd8      0x214 ./Drivers/STM32F3xx_HAL_Driver/stm32f3xx_hal_rcc.o
 .debug_frame   0x00000000000021ec       0xb0 ./Drivers/STM32F3xx_HAL_Driver/stm32f3xx_hal_rcc_ex.o
 .debug_frame   0x000000000000229c      0x860 ./Drivers/STM32F3xx_HAL_Driver/stm32f3xx_hal_spi.o
 .debug_frame   0x0000000000002afc      0x380 ./Drivers/STM32F3xx_HAL_Driver/stm32f3xx_ll_usb.o
 .debug_frame   0x0000000000002e7c       0x2c /app/stm32cubeide/plugins/com.st.stm32cube.ide.mcu.externaltools.gnu-tools-for-stm32.10.3-2021.10.linux64_1.0.200.202301161003/tools/bin/../lib/gcc/arm-none-eabi/10.3.1/../../../../arm-none-eabi/lib/thumb/v7e-m+fp/hard/libc_nano.a(lib_a-init.o)
 .debug_frame   0x0000000000002ea8       0x20 /app/stm32cubeide/plugins/com.st.stm32cube.ide.mcu.externaltools.gnu-tools-for-stm32.10.3-2021.10.linux64_1.0.200.202301161003/tools/bin/../lib/gcc/arm-none-eabi/10.3.1/../../../../arm-none-eabi/lib/thumb/v7e-m+fp/hard/libc_nano.a(lib_a-memset.o)
