../Core/Src/lcd5110_ll.c:18:33:send_byte_to_LCD5110	16	static
../Core/Src/lcd5110_ll.c:27:33:send_data_to_LCD5110	24	static
../Core/Src/lcd5110_ll.c:36:20:LCD5110_CE_off	16	static
../Core/Src/lcd5110_ll.c:40:20:LCD5110_DC_on	16	static
../Core/Src/lcd5110_ll.c:44:20:LCD5110_DC_off	16	static
../Core/Src/lcd5110_ll.c:47:20:LCD5110_RST_on	16	static
../Core/Src/lcd5110_ll.c:50:20:LCD5110_RST_off	16	static
../Core/Src/lcd5110_ll.c:79:12:LCD5110_set_function	16	static
../Core/Src/lcd5110_ll.c:92:12:LCD5110_set_mode_base	16	static
../Core/Src/lcd5110_ll.c:105:5:LCD5110_set_mode	24	static
../Core/Src/lcd5110_ll.c:117:12:LCD5110_set_voltage_ext	16	static
../Core/Src/lcd5110_ll.c:131:12:LCD5110_set_temp_coef_ext	16	static
../Core/Src/lcd5110_ll.c:144:5:LCD5110_set_temp_coef	24	static
../Core/Src/lcd5110_ll.c:155:12:LCD5110_set_bias_ext	16	static
../Core/Src/lcd5110_ll.c:168:5:LCD5110_set_bias	24	static
../Core/Src/lcd5110_ll.c:183:19:LCD5110_set_X_base	16	static
../Core/Src/lcd5110_ll.c:192:19:LCD5110_set_Y_base	16	static
../Core/Src/lcd5110_ll.c:200:19:LCD5110_set_XY_base	24	static
../Core/Src/lcd5110_ll.c:214:20:SPI_enable	16	static
../Core/Src/lcd5110_ll.c:226:5:LCD5110_init	24	static
../Core/Src/lcd5110_ll.c:262:6:LCD5110_refresh_ll	16	static
