Archive member included to satisfy reference by file (symbol)

C:/ST/STM32CubeIDE_1.16.1/STM32CubeIDE/plugins/com.st.stm32cube.ide.mcu.externaltools.gnu-tools-for-stm32.12.3.rel1.win32_1.0.200.202406191623/tools/bin/../lib/gcc/arm-none-eabi/12.3.1/../../../../arm-none-eabi/lib/thumb/v7e-m+fp/hard\libc_nano.a(libc_a-exit.o)
                              C:/ST/STM32CubeIDE_1.16.1/STM32CubeIDE/plugins/com.st.stm32cube.ide.mcu.externaltools.gnu-tools-for-stm32.12.3.rel1.win32_1.0.200.202406191623/tools/bin/../lib/gcc/arm-none-eabi/12.3.1/../../../../arm-none-eabi/lib/thumb/v7e-m+fp/hard/crt0.o (exit)
C:/ST/STM32CubeIDE_1.16.1/STM32CubeIDE/plugins/com.st.stm32cube.ide.mcu.externaltools.gnu-tools-for-stm32.12.3.rel1.win32_1.0.200.202406191623/tools/bin/../lib/gcc/arm-none-eabi/12.3.1/../../../../arm-none-eabi/lib/thumb/v7e-m+fp/hard\libc_nano.a(libc_a-itoa.o)
                              ./Core/Src/lcd5110.o (itoa)
C:/ST/STM32CubeIDE_1.16.1/STM32CubeIDE/plugins/com.st.stm32cube.ide.mcu.externaltools.gnu-tools-for-stm32.12.3.rel1.win32_1.0.200.202406191623/tools/bin/../lib/gcc/arm-none-eabi/12.3.1/../../../../arm-none-eabi/lib/thumb/v7e-m+fp/hard\libc_nano.a(libc_a-utoa.o)
                              C:/ST/STM32CubeIDE_1.16.1/STM32CubeIDE/plugins/com.st.stm32cube.ide.mcu.externaltools.gnu-tools-for-stm32.12.3.rel1.win32_1.0.200.202406191623/tools/bin/../lib/gcc/arm-none-eabi/12.3.1/../../../../arm-none-eabi/lib/thumb/v7e-m+fp/hard\libc_nano.a(libc_a-itoa.o) (__utoa)
C:/ST/STM32CubeIDE_1.16.1/STM32CubeIDE/plugins/com.st.stm32cube.ide.mcu.externaltools.gnu-tools-for-stm32.12.3.rel1.win32_1.0.200.202406191623/tools/bin/../lib/gcc/arm-none-eabi/12.3.1/../../../../arm-none-eabi/lib/thumb/v7e-m+fp/hard\libc_nano.a(libc_a-ctype_.o)
                              ./Core/Src/lcd5110.o (_ctype_)
C:/ST/STM32CubeIDE_1.16.1/STM32CubeIDE/plugins/com.st.stm32cube.ide.mcu.externaltools.gnu-tools-for-stm32.12.3.rel1.win32_1.0.200.202406191623/tools/bin/../lib/gcc/arm-none-eabi/12.3.1/../../../../arm-none-eabi/lib/thumb/v7e-m+fp/hard\libc_nano.a(libc_a-findfp.o)
                              C:/ST/STM32CubeIDE_1.16.1/STM32CubeIDE/plugins/com.st.stm32cube.ide.mcu.externaltools.gnu-tools-for-stm32.12.3.rel1.win32_1.0.200.202406191623/tools/bin/../lib/gcc/arm-none-eabi/12.3.1/../../../../arm-none-eabi/lib/thumb/v7e-m+fp/hard\libc_nano.a(libc_a-exit.o) (__stdio_exit_handler)
C:/ST/STM32CubeIDE_1.16.1/STM32CubeIDE/plugins/com.st.stm32cube.ide.mcu.externaltools.gnu-tools-for-stm32.12.3.rel1.win32_1.0.200.202406191623/tools/bin/../lib/gcc/arm-none-eabi/12.3.1/../../../../arm-none-eabi/lib/thumb/v7e-m+fp/hard\libc_nano.a(libc_a-fwalk.o)
                              C:/ST/STM32CubeIDE_1.16.1/STM32CubeIDE/plugins/com.st.stm32cube.ide.mcu.externaltools.gnu-tools-for-stm32.12.3.rel1.win32_1.0.200.202406191623/tools/bin/../lib/gcc/arm-none-eabi/12.3.1/../../../../arm-none-eabi/lib/thumb/v7e-m+fp/hard\libc_nano.a(libc_a-findfp.o) (_fwalk_sglue)
C:/ST/STM32CubeIDE_1.16.1/STM32CubeIDE/plugins/com.st.stm32cube.ide.mcu.externaltools.gnu-tools-for-stm32.12.3.rel1.win32_1.0.200.202406191623/tools/bin/../lib/gcc/arm-none-eabi/12.3.1/../../../../arm-none-eabi/lib/thumb/v7e-m+fp/hard\libc_nano.a(libc_a-stdio.o)
                              C:/ST/STM32CubeIDE_1.16.1/STM32CubeIDE/plugins/com.st.stm32cube.ide.mcu.externaltools.gnu-tools-for-stm32.12.3.rel1.win32_1.0.200.202406191623/tools/bin/../lib/gcc/arm-none-eabi/12.3.1/../../../../arm-none-eabi/lib/thumb/v7e-m+fp/hard\libc_nano.a(libc_a-findfp.o) (__sread)
C:/ST/STM32CubeIDE_1.16.1/STM32CubeIDE/plugins/com.st.stm32cube.ide.mcu.externaltools.gnu-tools-for-stm32.12.3.rel1.win32_1.0.200.202406191623/tools/bin/../lib/gcc/arm-none-eabi/12.3.1/../../../../arm-none-eabi/lib/thumb/v7e-m+fp/hard\libc_nano.a(libc_a-vsnprintf.o)
                              ./Core/Src/lcd5110.o (vsnprintf)
C:/ST/STM32CubeIDE_1.16.1/STM32CubeIDE/plugins/com.st.stm32cube.ide.mcu.externaltools.gnu-tools-for-stm32.12.3.rel1.win32_1.0.200.202406191623/tools/bin/../lib/gcc/arm-none-eabi/12.3.1/../../../../arm-none-eabi/lib/thumb/v7e-m+fp/hard\libc_nano.a(libc_a-memset.o)
                              C:/ST/STM32CubeIDE_1.16.1/STM32CubeIDE/plugins/com.st.stm32cube.ide.mcu.externaltools.gnu-tools-for-stm32.12.3.rel1.win32_1.0.200.202406191623/tools/bin/../lib/gcc/arm-none-eabi/12.3.1/../../../../arm-none-eabi/lib/thumb/v7e-m+fp/hard/crt0.o (memset)
C:/ST/STM32CubeIDE_1.16.1/STM32CubeIDE/plugins/com.st.stm32cube.ide.mcu.externaltools.gnu-tools-for-stm32.12.3.rel1.win32_1.0.200.202406191623/tools/bin/../lib/gcc/arm-none-eabi/12.3.1/../../../../arm-none-eabi/lib/thumb/v7e-m+fp/hard\libc_nano.a(libc_a-closer.o)
                              C:/ST/STM32CubeIDE_1.16.1/STM32CubeIDE/plugins/com.st.stm32cube.ide.mcu.externaltools.gnu-tools-for-stm32.12.3.rel1.win32_1.0.200.202406191623/tools/bin/../lib/gcc/arm-none-eabi/12.3.1/../../../../arm-none-eabi/lib/thumb/v7e-m+fp/hard\libc_nano.a(libc_a-stdio.o) (_close_r)
[...]
Memory Configuration

Name             Origin             Length             Attributes
CCMRAM           0x10000000         0x00002000         xrw
RAM              0x20000000         0x0000a000         xrw
FLASH            0x08000000         0x00040000         xr
*default*        0x00000000         0xffffffff

Linker script and memory map

LOAD C:/ST/STM32CubeIDE_1.16.1/STM32CubeIDE/plugins/com.st.stm32cube.ide.mcu.externaltools.gnu-tools-for-stm32.12.3.rel1.win32_1.0.200.202406191623/tools/bin/../lib/gcc/arm-none-eabi/12.3.1/thumb/v7e-m+fp/hard/crti.o
LOAD C:/ST/STM32CubeIDE_1.16.1/STM32CubeIDE/plugins/com.st.stm32cube.ide.mcu.externaltools.gnu-tools-for-stm32.12.3.rel1.win32_1.0.200.202406191623/tools/bin/../lib/gcc/arm-none-eabi/12.3.1/thumb/v7e-m+fp/hard/crtbegin.o
LOAD C:/ST/STM32CubeIDE_1.16.1/STM32CubeIDE/plugins/com.st.stm32cube.ide.mcu.externaltools.gnu-tools-for-stm32.12.3.rel1.win32_1.0.200.202406191623/tools/bin/../lib/gcc/arm-none-eabi/12.3.1/../../../../arm-none-eabi/lib/thumb/v7e-m+fp/hard/crt0.o
LOAD ./Core/Src/gpio.o
LOAD ./Core/Src/i2c.o
LOAD ./Core/Src/lcd5110.o
LOAD ./Core/Src/lcd5110_hal.o
LOAD ./Core/Src/lcd5110_ll.o
LOAD ./Core/Src/main.o
LOAD ./Core/Src/spi.o
LOAD ./Core/Src/stm32f3xx_hal_msp.o
LOAD ./Core/Src/stm32f3xx_it.o
LOAD ./Core/Src/syscalls.o
LOAD ./Core/Src/sysmem.o
LOAD ./Core/Src/system_stm32f3xx.o
LOAD ./Core/Src/usb.o
LOAD ./Core/Startup/startup_stm32f303vctx.o
LOAD ./Drivers/STM32F3xx_HAL_Driver/Src/stm32f3xx_hal.o
LOAD ./Drivers/STM32F3xx_HAL_Driver/Src/stm32f3xx_hal_cortex.o
LOAD ./Drivers/STM32F3xx_HAL_Driver/Src/stm32f3xx_hal_dma.o
LOAD ./Drivers/STM32F3xx_HAL_Driver/Src/stm32f3xx_hal_exti.o
LOAD ./Drivers/STM32F3xx_HAL_Driver/Src/stm32f3xx_hal_flash.o
LOAD ./Drivers/STM32F3xx_HAL_Driver/Src/stm32f3xx_hal_flash_ex.o
LOAD ./Drivers/STM32F3xx_HAL_Driver/Src/stm32f3xx_hal_gpio.o
LOAD ./Drivers/STM32F3xx_HAL_Driver/Src/stm32f3xx_hal_i2c.o
LOAD ./Drivers/STM32F3xx_HAL_Driver/Src/stm32f3xx_hal_i2c_ex.o
LOAD ./Drivers/STM32F3xx_HAL_Driver/Src/stm32f3xx_hal_pcd.o
LOAD ./Drivers/STM32F3xx_HAL_Driver/Src/stm32f3xx_hal_pcd_ex.o
LOAD ./Drivers/STM32F3xx_HAL_Driver/Src/stm32f3xx_hal_pwr.o
LOAD ./Drivers/STM32F3xx_HAL_Driver/Src/stm32f3xx_hal_pwr_ex.o
LOAD ./Drivers/STM32F3xx_HAL_Driver/Src/stm32f3xx_hal_rcc.o
LOAD ./Drivers/STM32F3xx_HAL_Driver/Src/stm32f3xx_hal_rcc_ex.o
LOAD ./Drivers/STM32F3xx_HAL_Driver/Src/stm32f3xx_hal_spi.o
LOAD ./Drivers/STM32F3xx_HAL_Driver/Src/stm32f3xx_hal_spi_ex.o
LOAD ./Drivers/STM32F3xx_HAL_Driver/Src/stm32f3xx_hal_tim.o
LOAD ./Drivers/STM32F3xx_HAL_Driver/Src/stm32f3xx_hal_tim_ex.o
LOAD ./Drivers/STM32F3xx_HAL_Driver/Src/stm32f3xx_ll_usb.o
START GROUP
LOAD C:/ST/STM32CubeIDE_1.16.1/STM32CubeIDE/plugins/com.st.stm32cube.ide.mcu.externaltools.gnu-tools-for-stm32.12.3.rel1.win32_1.0.200.202406191623/tools/bin/../lib/gcc/arm-none-eabi/12.3.1/../../../../arm-none-eabi/lib/thumb/v7e-m+fp/hard\libstdc++_nano.a
LOAD C:/ST/STM32CubeIDE_1.16.1/STM32CubeIDE/plugins/com.st.stm32cube.ide.mcu.externaltools.gnu-tools-for-stm32.12.3.rel1.win32_1.0.200.202406191623/tools/bin/../lib/gcc/arm-none-eabi/12.3.1/../../../../arm-none-eabi/lib/thumb/v7e-m+fp/hard\libsupc++_nano.a
END GROUP
LOAD C:/ST/STM32CubeIDE_1.16.1/STM32CubeIDE/plugins/com.st.stm32cube.ide.mcu.externaltools.gnu-tools-for-stm32.12.3.rel1.win32_1.0.200.202406191623/tools/bin/../lib/gcc/arm-none-eabi/12.3.1/../../../../arm-none-eabi/lib/thumb/v7e-m+fp/hard\libstdc++_nano.a
LOAD C:/ST/STM32CubeIDE_1.16.1/STM32CubeIDE/plugins/com.st.stm32cube.ide.mcu.externaltools.gnu-tools-for-stm32.12.3.rel1.win32_1.0.200.202406191623/tools/bin/../lib/gcc/arm-none-eabi/12.3.1/../../../../arm-none-eabi/lib/thumb/v7e-m+fp/hard\libm.a
LOAD C:/ST/STM32CubeIDE_1.16.1/STM32CubeIDE/plugins/com.st.stm32cube.ide.mcu.externaltools.gnu-tools-for-stm32.12.3.rel1.win32_1.0.200.202406191623/tools/bin/../lib/gcc/arm-none-eabi/12.3.1/../../../../arm-none-eabi/lib/thumb/v7e-m+fp/hard\libc_nano.a
START GROUP
LOAD C:/ST/STM32CubeIDE_1.16.1/STM32CubeIDE/plugins/com.st.stm32cube.ide.mcu.externaltools.gnu-tools-for-stm32.12.3.rel1.win32_1.0.200.202406191623/tools/bin/../lib/gcc/arm-none-eabi/12.3.1/thumb/v7e-m+fp/hard\libgcc.a
LOAD C:/ST/STM32CubeIDE_1.16.1/STM32CubeIDE/plugins/com.st.stm32cube.ide.mcu.externaltools.gnu-tools-for-stm32.12.3.rel1.win32_1.0.200.202406191623/tools/bin/../lib/gcc/arm-none-eabi/12.3.1/../../../../arm-none-eabi/lib/thumb/v7e-m+fp/hard\libc_nano.a
END GROUP
START GROUP
LOAD C:/ST/STM32CubeIDE_1.16.1/STM32CubeIDE/plugins/com.st.stm32cube.ide.mcu.externaltools.gnu-tools-for-stm32.12.3.rel1.win32_1.0.200.202406191623/tools/bin/../lib/gcc/arm-none-eabi/12.3.1/thumb/v7e-m+fp/hard\libgcc.a
LOAD C:/ST/STM32CubeIDE_1.16.1/STM32CubeIDE/plugins/com.st.stm32cube.ide.mcu.externaltools.gnu-tools-for-stm32.12.3.rel1.win32_1.0.200.202406191623/tools/bin/../lib/gcc/arm-none-eabi/12.3.1/../../../../arm-none-eabi/lib/thumb/v7e-m+fp/hard\libc_nano.a
LOAD C:/ST/STM32CubeIDE_1.16.1/STM32CubeIDE/plugins/com.st.stm32cube.ide.mcu.externaltools.gnu-tools-for-stm32.12.3.rel1.win32_1.0.200.202406191623/tools/bin/../lib/gcc/arm-none-eabi/12.3.1/../../../../arm-none-eabi/lib/thumb/v7e-m+fp/hard\libnosys.a
END GROUP
START GROUP
LOAD C:/ST/STM32CubeIDE_1.16.1/STM32CubeIDE/plugins/com.st.stm32cube.ide.mcu.externaltools.gnu-tools-for-stm32.12.3.rel1.win32_1.0.200.202406191623/tools/bin/../lib/gcc/arm-none-eabi/12.3.1/thumb/v7e-m+fp/hard\libgcc.a
LOAD C:/ST/STM32CubeIDE_1.16.1/STM32CubeIDE/plugins/com.st.stm32cube.ide.mcu.externaltools.gnu-tools-for-stm32.12.3.rel1.win32_1.0.200.202406191623/tools/bin/../lib/gcc/arm-none-eabi/12.3.1/../../../../arm-none-eabi/lib/thumb/v7e-m+fp/hard\libc_nano.a
LOAD C:/ST/STM32CubeIDE_1.16.1/STM32CubeIDE/plugins/com.st.stm32cube.ide.mcu.externaltools.gnu-tools-for-stm32.12.3.rel1.win32_1.0.200.202406191623/tools/bin/../lib/gcc/arm-none-eabi/12.3.1/../../../../arm-none-eabi/lib/thumb/v7e-m+fp/hard\libnosys.a
END GROUP
LOAD C:/ST/STM32CubeIDE_1.16.1/STM32CubeIDE/plugins/com.st.stm32cube.ide.mcu.externaltools.gnu-tools-for-stm32.12.3.rel1.win32_1.0.200.202406191623/tools/bin/../lib/gcc/arm-none-eabi/12.3.1/thumb/v7e-m+fp/hard/crtend.o
LOAD C:/ST/STM32CubeIDE_1.16.1/STM32CubeIDE/plugins/com.st.stm32cube.ide.mcu.externaltools.gnu-tools-for-stm32.12.3.rel1.win32_1.0.200.202406191623/tools/bin/../lib/gcc/arm-none-eabi/12.3.1/thumb/v7e-m+fp/hard/crtn.o
                0x2000a000                        _estack = (ORIGIN (RAM) + LENGTH (RAM))
                0x00000200                        _Min_Heap_Size = 0x200
                0x00000400                        _Min_Stack_Size = 0x400

.isr_vector     0x08000000      0x188
                0x08000000                        . = ALIGN (0x4)
 *(.isr_vector)
 .isr_vector    0x08000000      0x188 ./Core/Startup/startup_stm32f303vctx.o
                0x08000000                g_pfnVectors
                0x08000188                        . = ALIGN (0x4)

.text           0x08000188     0x37c4
                0x08000188                        . = ALIGN (0x4)
 *(.text)
 .text          0x08000188       0x40 C:/ST/STM32CubeIDE_1.16.1/STM32CubeIDE/plugins/com.st.stm32cube.ide.mcu.externaltools.gnu-tools-for-stm32.12.3.rel1.win32_1.0.200.202406191623/tools/bin/../lib/gcc/arm-none-eabi/12.3.1/thumb/v7e-m+fp/hard/crtbegin.o
 *(.text*)
 .text.MX_GPIO_Init
                0x080001c8      0x12c ./Core/Src/gpio.o
                0x080001c8                MX_GPIO_Init
 .text.MX_I2C1_Init
                0x080002f4       0x80 ./Core/Src/i2c.o
                0x080002f4                MX_I2C1_Init
 .text.HAL_I2C_MspInit
                0x08000374       0x88 ./Core/Src/i2c.o
                0x08000374                HAL_I2C_MspInit
 .text.LCD5110_refresh
                0x080003fc       0x18 ./Core/Src/lcd5110.o
                0x080003fc                LCD5110_refresh
 .text.LCD5110_print
                0x08000414       0x24 ./Core/Src/lcd5110.o
                0x08000414                LCD5110_print
 .text.LCD5110_wputchar
                0x08000438       0xb0 ./Core/Src/lcd5110.o
                0x08000438                LCD5110_wputchar
 .text.LCD5110_wendl
                0x080004e8       0x40 ./Core/Src/lcd5110.o
                0x080004e8                LCD5110_wendl
 .text.LCD5110_wprint
                0x08000528       0xd0 ./Core/Src/lcd5110.o
                0x08000528                LCD5110_wprint
 .text.xy_to_pix
                0x080005f8       0x48 ./Core/Src/lcd5110_hal.o
 .text.LCD5110_putpix
                0x08000640       0x80 ./Core/Src/lcd5110_hal.o
                0x08000640                LCD5110_putpix
 .text.LCD5110_drawBitmap
                0x080006c0       0xa2 ./Core/Src/lcd5110_hal.o
                0x080006c0                LCD5110_drawBitmap
 .text.send_byte_to_LCD5110
                0x08000762       0x26 ./Core/Src/lcd5110_ll.o
 .text.send_data_to_LCD5110
                0x08000788       0x28 ./Core/Src/lcd5110_ll.o
 .text.LCD5110_CE_off
                0x080007b0       0x20 ./Core/Src/lcd5110_ll.o
 .text.LCD5110_DC_on
                0x080007d0       0x20 ./Core/Src/lcd5110_ll.o
 .text.LCD5110_DC_off
                0x080007f0       0x20 ./Core/Src/lcd5110_ll.o
 .text.LCD5110_RST_on
                0x08000810       0x20 ./Core/Src/lcd5110_ll.o
 .text.LCD5110_RST_off
                0x08000830       0x20 ./Core/Src/lcd5110_ll.o
 .text.LCD5110_set_function
                0x08000850       0x34 ./Core/Src/lcd5110_ll.o
 .text.LCD5110_set_mode_base
                0x08000884       0x2e ./Core/Src/lcd5110_ll.o
 .text.LCD5110_set_voltage_ext
                0x080008b2       0x32 ./Core/Src/lcd5110_ll.o
 .text.LCD5110_set_temp_coef_ext
                0x080008e4       0x30 ./Core/Src/lcd5110_ll.o
 .text.LCD5110_set_bias_ext
                0x08000914       0x30 ./Core/Src/lcd5110_ll.o
 .text.LCD5110_set_X_base
                0x08000944       0x3e ./Core/Src/lcd5110_ll.o
 .text.LCD5110_set_Y_base
                0x08000982       0x3e ./Core/Src/lcd5110_ll.o
 .text.LCD5110_set_XY_base
                0x080009c0       0x4a ./Core/Src/lcd5110_ll.o
 .text.SPI_enable
                0x08000a0a       0x28 ./Core/Src/lcd5110_ll.o
 .text.LCD5110_init
                0x08000a32       0x8a ./Core/Src/lcd5110_ll.o
                0x08000a32                LCD5110_init
 .text.LCD5110_refresh_ll
                0x08000abc       0x3c ./Core/Src/lcd5110_ll.o
                0x08000abc                LCD5110_refresh_ll
 .text.main     0x08000af8       0x9c ./Core/Src/main.o
                0x08000af8                main
 .text.SystemClock_Config
                0x08000b94       0xc4 ./Core/Src/main.o
                0x08000b94                SystemClock_Config
 .text.Error_Handler
                0x08000c58        0xc ./Core/Src/main.o
                0x08000c58                Error_Handler
 .text.MX_SPI1_Init
                0x08000c64       0x7c ./Core/Src/spi.o
                0x08000c64                MX_SPI1_Init
 .text.MX_SPI2_Init
                0x08000ce0       0x7c ./Core/Src/spi.o
                0x08000ce0                MX_SPI2_Init
 .text.HAL_SPI_MspInit
                0x08000d5c       0xec ./Core/Src/spi.o
                0x08000d5c                HAL_SPI_MspInit
 .text.HAL_MspInit
                0x08000e48       0x48 ./Core/Src/stm32f3xx_hal_msp.o
                0x08000e48                HAL_MspInit
 .text.NMI_Handler
                0x08000e90        0x8 ./Core/Src/stm32f3xx_it.o
                0x08000e90                NMI_Handler
 .text.HardFault_Handler
                0x08000e98        0x8 ./Core/Src/stm32f3xx_it.o
                0x08000e98                HardFault_Handler
 .text.MemManage_Handler
                0x08000ea0        0x8 ./Core/Src/stm32f3xx_it.o
                0x08000ea0                MemManage_Handler
 .text.BusFault_Handler
                0x08000ea8        0x8 ./Core/Src/stm32f3xx_it.o
                0x08000ea8                BusFault_Handler
 .text.UsageFault_Handler
                0x08000eb0        0x8 ./Core/Src/stm32f3xx_it.o
                0x08000eb0                UsageFault_Handler
 .text.SVC_Handler
                0x08000eb8        0xe ./Core/Src/stm32f3xx_it.o
                0x08000eb8                SVC_Handler
 .text.DebugMon_Handler
                0x08000ec6        0xe ./Core/Src/stm32f3xx_it.o
                0x08000ec6                DebugMon_Handler
 .text.PendSV_Handler
                0x08000ed4        0xe ./Core/Src/stm32f3xx_it.o
                0x08000ed4                PendSV_Handler
 .text.SysTick_Handler
                0x08000ee2        0xc ./Core/Src/stm32f3xx_it.o
                0x08000ee2                SysTick_Handler
 *fill*         0x08000eee        0x2 
 .text.SystemInit
                0x08000ef0       0x24 ./Core/Src/system_stm32f3xx.o
                0x08000ef0                SystemInit
 .text.MX_USB_PCD_Init
                0x08000f14       0x44 ./Core/Src/usb.o
                0x08000f14                MX_USB_PCD_Init
 .text.HAL_PCD_MspInit
                0x08000f58       0x88 ./Core/Src/usb.o
                0x08000f58                HAL_PCD_MspInit
 .text.Reset_Handler
                0x08000fe0       0x50 ./Core/Startup/startup_stm32f303vctx.o
                0x08000fe0                Reset_Handler
 .text.Default_Handler
                0x08001030        0x2 ./Core/Startup/startup_stm32f303vctx.o
                0x08001030                RTC_Alarm_IRQHandler
                0x08001030                TIM8_TRG_COM_IRQHandler
                0x08001030                TIM8_CC_IRQHandler
                0x08001030                TIM1_CC_IRQHandler
                0x08001030                USB_HP_IRQHandler
                0x08001030                PVD_IRQHandler
                0x08001030                TAMP_STAMP_IRQHandler
                0x08001030                EXTI3_IRQHandler
                0x08001030                USB_HP_CAN_TX_IRQHandler
                0x08001030                EXTI0_IRQHandler
                0x08001030                I2C2_EV_IRQHandler
                0x08001030                FPU_IRQHandler
                0x08001030                TIM1_UP_TIM16_IRQHandler
                0x08001030                ADC1_2_IRQHandler
                0x08001030                SPI1_IRQHandler
                0x08001030                CAN_SCE_IRQHandler
                0x08001030                TIM6_DAC_IRQHandler
                0x08001030                TIM8_UP_IRQHandler
                0x08001030                DMA2_Channel2_IRQHandler
                0x08001030                DMA1_Channel4_IRQHandler
                0x08001030                USART3_IRQHandler
                0x08001030                DMA1_Channel7_IRQHandler
                0x08001030                UART5_IRQHandler
                0x08001030                ADC3_IRQHandler
                0x08001030                TIM4_IRQHandler
                0x08001030                CAN_RX1_IRQHandler
                0x08001030                DMA2_Channel1_IRQHandler
                0x08001030                I2C1_EV_IRQHandler
                0x08001030                DMA1_Channel6_IRQHandler
                0x08001030                UART4_IRQHandler
                0x08001030                DMA2_Channel4_IRQHandler
                0x08001030                TIM3_IRQHandler
                0x08001030                RCC_IRQHandler
                0x08001030                DMA1_Channel1_IRQHandler
                0x08001030                Default_Handler
                0x08001030                USBWakeUp_RMP_IRQHandler
                0x08001030                EXTI15_10_IRQHandler
                0x08001030                TIM7_IRQHandler
                0x08001030                EXTI9_5_IRQHandler
                0x08001030                RTC_WKUP_IRQHandler
                0x08001030                SPI2_IRQHandler
                0x08001030                USB_LP_CAN_RX0_IRQHandler
                0x08001030                DMA2_Channel5_IRQHandler
                0x08001030                DMA1_Channel5_IRQHandler
                0x08001030                USB_LP_IRQHandler
                0x08001030                EXTI4_IRQHandler
                0x08001030                TIM1_TRG_COM_TIM17_IRQHandler
                0x08001030                DMA1_Channel3_IRQHandler
                0x08001030                ADC4_IRQHandler
                0x08001030                WWDG_IRQHandler
                0x08001030                TIM2_IRQHandler
                0x08001030                COMP7_IRQHandler
                0x08001030                COMP1_2_3_IRQHandler
                0x08001030                EXTI1_IRQHandler
                0x08001030                USART2_IRQHandler
                0x08001030                COMP4_5_6_IRQHandler
                0x08001030                I2C2_ER_IRQHandler
                0x08001030                DMA1_Channel2_IRQHandler
                0x08001030                TIM8_BRK_IRQHandler
                0x08001030                FLASH_IRQHandler
                0x08001030                USART1_IRQHandler
                0x08001030                SPI3_IRQHandler
                0x08001030                I2C1_ER_IRQHandler
                0x08001030                USBWakeUp_IRQHandler
                0x08001030                DMA2_Channel3_IRQHandler
                0x08001030                EXTI2_TSC_IRQHandler
                0x08001030                TIM1_BRK_TIM15_IRQHandler
 *fill*         0x08001032        0x2 
 .text.HAL_Init
                0x08001034       0x2c ./Drivers/STM32F3xx_HAL_Driver/Src/stm32f3xx_hal.o
                0x08001034                HAL_Init
 .text.HAL_InitTick
                0x08001060       0x60 ./Drivers/STM32F3xx_HAL_Driver/Src/stm32f3xx_hal.o
                0x08001060                HAL_InitTick
 .text.HAL_IncTick
                0x080010c0       0x28 ./Drivers/STM32F3xx_HAL_Driver/Src/stm32f3xx_hal.o
                0x080010c0                HAL_IncTick
 .text.HAL_GetTick
                0x080010e8       0x18 ./Drivers/STM32F3xx_HAL_Driver/Src/stm32f3xx_hal.o
                0x080010e8                HAL_GetTick
 .text.__NVIC_SetPriorityGrouping
                0x08001100       0x48 ./Drivers/STM32F3xx_HAL_Driver/Src/stm32f3xx_hal_cortex.o
 .text.__NVIC_GetPriorityGrouping
                0x08001148       0x1c ./Drivers/STM32F3xx_HAL_Driver/Src/stm32f3xx_hal_cortex.o
 .text.__NVIC_SetPriority
                0x08001164       0x54 ./Drivers/STM32F3xx_HAL_Driver/Src/stm32f3xx_hal_cortex.o
 .text.NVIC_EncodePriority
                0x080011b8       0x66 ./Drivers/STM32F3xx_HAL_Driver/Src/stm32f3xx_hal_cortex.o
 *fill*         0x0800121e        0x2 
 .text.SysTick_Config
                0x08001220       0x44 ./Drivers/STM32F3xx_HAL_Driver/Src/stm32f3xx_hal_cortex.o
 .text.HAL_NVIC_SetPriorityGrouping
                0x08001264       0x16 ./Drivers/STM32F3xx_HAL_Driver/Src/stm32f3xx_hal_cortex.o
                0x08001264                HAL_NVIC_SetPriorityGrouping
 .text.HAL_NVIC_SetPriority
                0x0800127a       0x38 ./Drivers/STM32F3xx_HAL_Driver/Src/stm32f3xx_hal_cortex.o
                0x0800127a                HAL_NVIC_SetPriority
 .text.HAL_SYSTICK_Config
                0x080012b2       0x18 ./Drivers/STM32F3xx_HAL_Driver/Src/stm32f3xx_hal_cortex.o
                0x080012b2                HAL_SYSTICK_Config
 *fill*         0x080012ca        0x2 
 .text.HAL_GPIO_Init
                0x080012cc      0x2f4 ./Drivers/STM32F3xx_HAL_Driver/Src/stm32f3xx_hal_gpio.o
                0x080012cc                HAL_GPIO_Init
 .text.HAL_GPIO_WritePin
                0x080015c0       0x30 ./Drivers/STM32F3xx_HAL_Driver/Src/stm32f3xx_hal_gpio.o
                0x080015c0                HAL_GPIO_WritePin
 .text.HAL_I2C_Init
                0x080015f0      0x136 ./Drivers/STM32F3xx_HAL_Driver/Src/stm32f3xx_hal_i2c.o
                0x080015f0                HAL_I2C_Init
 .text.HAL_I2CEx_ConfigAnalogFilter
                0x08001726       0x96 ./Drivers/STM32F3xx_HAL_Driver/Src/stm32f3xx_hal_i2c_ex.o
                0x08001726                HAL_I2CEx_ConfigAnalogFilter
 .text.HAL_I2CEx_ConfigDigitalFilter
                0x080017bc       0x98 ./Drivers/STM32F3xx_HAL_Driver/Src/stm32f3xx_hal_i2c_ex.o
                0x080017bc                HAL_I2CEx_ConfigDigitalFilter
 .text.HAL_PCD_Init
                0x08001854      0x18e ./Drivers/STM32F3xx_HAL_Driver/Src/stm32f3xx_hal_pcd.o
                0x08001854                HAL_PCD_Init
 *fill*         0x080019e2        0x2 
 .text.HAL_RCC_OscConfig
                0x080019e4     0x107c ./Drivers/STM32F3xx_HAL_Driver/Src/stm32f3xx_hal_rcc.o
                0x080019e4                HAL_RCC_OscConfig
 .text.HAL_RCC_ClockConfig
                0x08002a60      0x2f8 ./Drivers/STM32F3xx_HAL_Driver/Src/stm32f3xx_hal_rcc.o
                0x08002a60                HAL_RCC_ClockConfig
 .text.HAL_RCC_GetSysClockFreq
                0x08002d58       0xa8 ./Drivers/STM32F3xx_HAL_Driver/Src/stm32f3xx_hal_rcc.o
                0x08002d58                HAL_RCC_GetSysClockFreq
 .text.HAL_RCCEx_PeriphCLKConfig
                0x08002e00      0x360 ./Drivers/STM32F3xx_HAL_Driver/Src/stm32f3xx_hal_rcc_ex.o
                0x08002e00                HAL_RCCEx_PeriphCLKConfig
 .text.HAL_SPI_Init
                0x08003160      0x156 ./Drivers/STM32F3xx_HAL_Driver/Src/stm32f3xx_hal_spi.o
                0x08003160                HAL_SPI_Init
 .text.HAL_SPI_Transmit
                0x080032b6      0x2ea ./Drivers/STM32F3xx_HAL_Driver/Src/stm32f3xx_hal_spi.o
                0x080032b6                HAL_SPI_Transmit
 .text.SPI_WaitFlagStateUntilTimeout
                0x080035a0      0x110 ./Drivers/STM32F3xx_HAL_Driver/Src/stm32f3xx_hal_spi.o
 .text.SPI_WaitFifoStateUntilTimeout
                0x080036b0      0x12c ./Drivers/STM32F3xx_HAL_Driver/Src/stm32f3xx_hal_spi.o
 .text.SPI_EndRxTxTransaction
                0x080037dc       0x8c ./Drivers/STM32F3xx_HAL_Driver/Src/stm32f3xx_hal_spi.o
 .text.USB_DisableGlobalInt
                0x08003868       0x36 ./Drivers/STM32F3xx_HAL_Driver/Src/stm32f3xx_ll_usb.o
                0x08003868                USB_DisableGlobalInt
 .text.USB_DevInit
                0x0800389e       0x3c ./Drivers/STM32F3xx_HAL_Driver/Src/stm32f3xx_ll_usb.o
                0x0800389e                USB_DevInit
 .text.memset   0x080038da       0x10 C:/ST/STM32CubeIDE_1.16.1/STM32CubeIDE/plugins/com.st.stm32cube.ide.mcu.externaltools.gnu-tools-for-stm32.12.3.rel1.win32_1.0.200.202406191623/tools/bin/../lib/gcc/arm-none-eabi/12.3.1/../../../../arm-none-eabi/lib/thumb/v7e-m+fp/hard\libc_nano.a(libc_a-memset.o)
                0x080038da                memset
 *fill*         0x080038ea        0x2 
 .text.__libc_init_array
                0x080038ec       0x48 C:/ST/STM32CubeIDE_1.16.1/STM32CubeIDE/plugins/com.st.stm32cube.ide.mcu.externaltools.gnu-tools-for-stm32.12.3.rel1.win32_1.0.200.202406191623/tools/bin/../lib/gcc/arm-none-eabi/12.3.1/../../../../arm-none-eabi/lib/thumb/v7e-m+fp/hard\libc_nano.a(libc_a-init.o)
                0x080038ec                __libc_init_array
 *(.glue_7)
 .glue_7        0x08003934        0x0 linker stubs
 *(.glue_7t)
 .glue_7t       0x08003934        0x0 linker stubs
 *(.eh_frame)
 .eh_frame      0x08003934        0x0 C:/ST/STM32CubeIDE_1.16.1/STM32CubeIDE/plugins/com.st.stm32cube.ide.mcu.externaltools.gnu-tools-for-stm32.12.3.rel1.win32_1.0.200.202406191623/tools/bin/../lib/gcc/arm-none-eabi/12.3.1/thumb/v7e-m+fp/hard/crtbegin.o
 *(.init)
 .init          0x08003934        0x4 C:/ST/STM32CubeIDE_1.16.1/STM32CubeIDE/plugins/com.st.stm32cube.ide.mcu.externaltools.gnu-tools-for-stm32.12.3.rel1.win32_1.0.200.202406191623/tools/bin/../lib/gcc/arm-none-eabi/12.3.1/thumb/v7e-m+fp/hard/crti.o
                0x08003934                _init
 .init          0x08003938        0x8 C:/ST/STM32CubeIDE_1.16.1/STM32CubeIDE/plugins/com.st.stm32cube.ide.mcu.externaltools.gnu-tools-for-stm32.12.3.rel1.win32_1.0.200.202406191623/tools/bin/../lib/gcc/arm-none-eabi/12.3.1/thumb/v7e-m+fp/hard/crtn.o
 *(.fini)
 .fini          0x08003940        0x4 C:/ST/STM32CubeIDE_1.16.1/STM32CubeIDE/plugins/com.st.stm32cube.ide.mcu.externaltools.gnu-tools-for-stm32.12.3.rel1.win32_1.0.200.202406191623/tools/bin/../lib/gcc/arm-none-eabi/12.3.1/thumb/v7e-m+fp/hard/crti.o
                0x08003940                _fini
 .fini          0x08003944        0x8 C:/ST/STM32CubeIDE_1.16.1/STM32CubeIDE/plugins/com.st.stm32cube.ide.mcu.externaltools.gnu-tools-for-stm32.12.3.rel1.win32_1.0.200.202406191623/tools/bin/../lib/gcc/arm-none-eabi/12.3.1/thumb/v7e-m+fp/hard/crtn.o
                0x0800394c                        . = ALIGN (0x4)
                0x0800394c                        _etext = .

.vfp11_veneer   0x0800394c        0x0
 .vfp11_veneer  0x0800394c        0x0 linker stubs

.v4_bx          0x0800394c        0x0
 .v4_bx         0x0800394c        0x0 linker stubs

.iplt           0x0800394c        0x0
 .iplt          0x0800394c        0x0 C:/ST/STM32CubeIDE_1.16.1/STM32CubeIDE/plugins/com.st.stm32cube.ide.mcu.externaltools.gnu-tools-for-stm32.12.3.rel1.win32_1.0.200.202406191623/tools/bin/../lib/gcc/arm-none-eabi/12.3.1/thumb/v7e-m+fp/hard/crtbegin.o

.rodata         0x0800394c      0x750
                0x0800394c                        . = ALIGN (0x4)
 *(.rodata)
 .rodata        0x0800394c        0xc ./Core/Src/main.o
 *(.rodata*)
 .rodata.base_font
                0x08003958      0x600 ./Core/Src/lcd5110.o
 .rodata.lcd5110_def_scr
                0x08003f58        0xe ./Core/Src/lcd5110.o
                0x08003f58                lcd5110_def_scr
 *fill*         0x08003f66        0x2 
 .rodata.AHBPrescTable
                0x08003f68       0x10 ./Core/Src/system_stm32f3xx.o
                0x08003f68                AHBPrescTable
 .rodata.aPLLMULFactorTable
                0x08003f78       0x10 ./Drivers/STM32F3xx_HAL_Driver/Src/stm32f3xx_hal_rcc.o
 .rodata.aPredivFactorTable
                0x08003f88       0x10 ./Drivers/STM32F3xx_HAL_Driver/Src/stm32f3xx_hal_rcc.o
 .rodata._ctype_
                0x08003f98      0x101 C:/ST/STM32CubeIDE_1.16.1/STM32CubeIDE/plugins/com.st.stm32cube.ide.mcu.externaltools.gnu-tools-for-stm32.12.3.rel1.win32_1.0.200.202406191623/tools/bin/../lib/gcc/arm-none-eabi/12.3.1/../../../../arm-none-eabi/lib/thumb/v7e-m+fp/hard\libc_nano.a(libc_a-ctype_.o)
                0x08003f98                _ctype_
                0x0800409c                        . = ALIGN (0x4)
 *fill*         0x08004099        0x3 

.ARM.extab      0x0800409c        0x0
                0x0800409c                        . = ALIGN (0x4)
 *(.ARM.extab* .gnu.linkonce.armextab.*)
                0x0800409c                        . = ALIGN (0x4)

.ARM            0x0800409c        0x0
                0x0800409c                        . = ALIGN (0x4)
                0x0800409c                        __exidx_start = .
 *(.ARM.exidx*)
                0x0800409c                        __exidx_end = .
                0x0800409c                        . = ALIGN (0x4)

.preinit_array  0x0800409c        0x0
                0x0800409c                        . = ALIGN (0x4)
                0x0800409c                        PROVIDE (__preinit_array_start = .)
 *(.preinit_array*)
                0x0800409c                        PROVIDE (__preinit_array_end = .)
                0x0800409c                        . = ALIGN (0x4)

.init_array     0x0800409c        0x4
                0x0800409c                        . = ALIGN (0x4)
                0x0800409c                        PROVIDE (__init_array_start = .)
 *(SORT_BY_NAME(.init_array.*))
 *(.init_array*)
 .init_array    0x0800409c        0x4 C:/ST/STM32CubeIDE_1.16.1/STM32CubeIDE/plugins/com.st.stm32cube.ide.mcu.externaltools.gnu-tools-for-stm32.12.3.rel1.win32_1.0.200.202406191623/tools/bin/../lib/gcc/arm-none-eabi/12.3.1/thumb/v7e-m+fp/hard/crtbegin.o
                0x080040a0                        PROVIDE (__init_array_end = .)
                0x080040a0                        . = ALIGN (0x4)

.fini_array     0x080040a0        0x4
                0x080040a0                        . = ALIGN (0x4)
                [!provide]                        PROVIDE (__fini_array_start = .)
 *(SORT_BY_NAME(.fini_array.*))
 *(.fini_array*)
 .fini_array    0x080040a0        0x4 C:/ST/STM32CubeIDE_1.16.1/STM32CubeIDE/plugins/com.st.stm32cube.ide.mcu.externaltools.gnu-tools-for-stm32.12.3.rel1.win32_1.0.200.202406191623/tools/bin/../lib/gcc/arm-none-eabi/12.3.1/thumb/v7e-m+fp/hard/crtbegin.o
                [!provide]                        PROVIDE (__fini_array_end = .)
                0x080040a4                        . = ALIGN (0x4)
                0x080040a4                        _sidata = LOADADDR (.data)

.rel.dyn        0x080040a4        0x0
 .rel.iplt      0x080040a4        0x0 C:/ST/STM32CubeIDE_1.16.1/STM32CubeIDE/plugins/com.st.stm32cube.ide.mcu.externaltools.gnu-tools-for-stm32.12.3.rel1.win32_1.0.200.202406191623/tools/bin/../lib/gcc/arm-none-eabi/12.3.1/thumb/v7e-m+fp/hard/crtbegin.o

.data           0x20000000        0xc load address 0x080040a4
                0x20000000                        . = ALIGN (0x4)
                0x20000000                        _sdata = .
 *(.data)
 *(.data*)
 .data.SystemCoreClock
                0x20000000        0x4 ./Core/Src/system_stm32f3xx.o
                0x20000000                SystemCoreClock
 .data.uwTickPrio
                0x20000004        0x4 ./Drivers/STM32F3xx_HAL_Driver/Src/stm32f3xx_hal.o
                0x20000004                uwTickPrio
 .data.uwTickFreq
                0x20000008        0x1 ./Drivers/STM32F3xx_HAL_Driver/Src/stm32f3xx_hal.o
                0x20000008                uwTickFreq
 *(.RamFunc)
 *(.RamFunc*)
                0x2000000c                        . = ALIGN (0x4)
 *fill*         0x20000009        0x3 
                0x2000000c                        _edata = .
                0x080040b0                        _siccmram = LOADADDR (.ccmram)

.igot.plt       0x2000000c        0x0 load address 0x080040b0
 .igot.plt      0x2000000c        0x0 C:/ST/STM32CubeIDE_1.16.1/STM32CubeIDE/plugins/com.st.stm32cube.ide.mcu.externaltools.gnu-tools-for-stm32.12.3.rel1.win32_1.0.200.202406191623/tools/bin/../lib/gcc/arm-none-eabi/12.3.1/thumb/v7e-m+fp/hard/crtbegin.o

.ccmram         0x10000000        0x0 load address 0x080040b0
                0x10000000                        . = ALIGN (0x4)
                0x10000000                        _sccmram = .
 *(.ccmram)
 *(.ccmram*)
                0x10000000                        . = ALIGN (0x4)
                0x10000000                        _eccmram = .
                0x10000000                        . = ALIGN (0x4)

.bss            0x2000000c      0x634
                0x2000000c                        _sbss = .
                0x2000000c                        __bss_start__ = _sbss
 *(.bss)
 .bss           0x2000000c       0x1c C:/ST/STM32CubeIDE_1.16.1/STM32CubeIDE/plugins/com.st.stm32cube.ide.mcu.externaltools.gnu-tools-for-stm32.12.3.rel1.win32_1.0.200.202406191623/tools/bin/../lib/gcc/arm-none-eabi/12.3.1/thumb/v7e-m+fp/hard/crtbegin.o
 *(.bss*)
 .bss.hi2c1     0x20000028       0x54 ./Core/Src/i2c.o
                0x20000028                hi2c1
 .bss.lcd1      0x2000007c      0x224 ./Core/Src/main.o
                0x2000007c                lcd1
 .bss.hspi1     0x200002a0       0x64 ./Core/Src/spi.o
                0x200002a0                hspi1
 .bss.hspi2     0x20000304       0x64 ./Core/Src/spi.o
                0x20000304                hspi2
 .bss.hpcd_USB_FS
                0x20000368      0x2d4 ./Core/Src/usb.o
                0x20000368                hpcd_USB_FS
 .bss.uwTick    0x2000063c        0x4 ./Drivers/STM32F3xx_HAL_Driver/Src/stm32f3xx_hal.o
                0x2000063c                uwTick
 *(COMMON)
                0x20000640                        . = ALIGN (0x4)
                0x20000640                        _ebss = .
                0x20000640                        __bss_end__ = _ebss

._user_heap_stack
                0x20000640      0x600
                0x20000640                        . = ALIGN (0x8)
                [!provide]                        PROVIDE (end = .)
                0x20000640                        PROVIDE (_end = .)
                0x20000840                        . = (. + _Min_Heap_Size)
 *fill*         0x20000640      0x200 
                0x20000c40                        . = (. + _Min_Stack_Size)
 *fill*         0x20000840      0x400 
                0x20000c40                        . = ALIGN (0x8)

/DISCARD/
 libc.a(*)
 libm.a(*)
 libgcc.a(*)

.ARM.attributes
                0x00000000       0x30
 *(.ARM.attributes)
 .ARM.attributes
                0x00000000       0x22 C:/ST/STM32CubeIDE_1.16.1/STM32CubeIDE/plugins/com.st.stm32cube.ide.mcu.externaltools.gnu-tools-for-stm32.12.3.rel1.win32_1.0.200.202406191623/tools/bin/../lib/gcc/arm-none-eabi/12.3.1/thumb/v7e-m+fp/hard/crti.o
 .ARM.attributes
                0x00000022       0x34 C:/ST/STM32CubeIDE_1.16.1/STM32CubeIDE/plugins/com.st.stm32cube.ide.mcu.externaltools.gnu-tools-for-stm32.12.3.rel1.win32_1.0.200.202406191623/tools/bin/../lib/gcc/arm-none-eabi/12.3.1/thumb/v7e-m+fp/hard/crtbegin.o
 .ARM.attributes
                0x00000056       0x34 ./Core/Src/gpio.o
 .ARM.attributes
                0x0000008a       0x34 ./Core/Src/i2c.o
 .ARM.attributes
                0x000000be       0x34 ./Core/Src/lcd5110.o
 .ARM.attributes
                0x000000f2       0x34 ./Core/Src/lcd5110_hal.o
 .ARM.attributes
                0x00000126       0x34 ./Core/Src/lcd5110_ll.o
 .ARM.attributes
                0x0000015a       0x34 ./Core/Src/main.o
 .ARM.attributes
                0x0000018e       0x34 ./Core/Src/spi.o
 .ARM.attributes
                0x000001c2       0x34 ./Core/Src/stm32f3xx_hal_msp.o
 .ARM.attributes
                0x000001f6       0x34 ./Core/Src/stm32f3xx_it.o
 .ARM.attributes
                0x0000022a       0x34 ./Core/Src/system_stm32f3xx.o
 .ARM.attributes
                0x0000025e       0x34 ./Core/Src/usb.o
 .ARM.attributes
                0x00000292       0x21 ./Core/Startup/startup_stm32f303vctx.o
 .ARM.attributes
                0x000002b3       0x34 ./Drivers/STM32F3xx_HAL_Driver/Src/stm32f3xx_hal.o
 .ARM.attributes
                0x000002e7       0x34 ./Drivers/STM32F3xx_HAL_Driver/Src/stm32f3xx_hal_cortex.o
 .ARM.attributes
                0x0000031b       0x34 ./Drivers/STM32F3xx_HAL_Driver/Src/stm32f3xx_hal_gpio.o
 .ARM.attributes
                0x0000034f       0x34 ./Drivers/STM32F3xx_HAL_Driver/Src/stm32f3xx_hal_i2c.o
 .ARM.attributes
                0x00000383       0x34 ./Drivers/STM32F3xx_HAL_Driver/Src/stm32f3xx_hal_i2c_ex.o
 .ARM.attributes
                0x000003b7       0x34 ./Drivers/STM32F3xx_HAL_Driver/Src/stm32f3xx_hal_pcd.o
 .ARM.attributes
                0x000003eb       0x34 ./Drivers/STM32F3xx_HAL_Driver/Src/stm32f3xx_hal_rcc.o
 .ARM.attributes
                0x0000041f       0x34 ./Drivers/STM32F3xx_HAL_Driver/Src/stm32f3xx_hal_rcc_ex.o
 .ARM.attributes
                0x00000453       0x34 ./Drivers/STM32F3xx_HAL_Driver/Src/stm32f3xx_hal_spi.o
 .ARM.attributes
                0x00000487       0x34 ./Drivers/STM32F3xx_HAL_Driver/Src/stm32f3xx_ll_usb.o
 .ARM.attributes
                0x000004bb       0x34 C:/ST/STM32CubeIDE_1.16.1/STM32CubeIDE/plugins/com.st.stm32cube.ide.mcu.externaltools.gnu-tools-for-stm32.12.3.rel1.win32_1.0.200.202406191623/tools/bin/../lib/gcc/arm-none-eabi/12.3.1/../../../../arm-none-eabi/lib/thumb/v7e-m+fp/hard\libc_nano.a(libc_a-ctype_.o)
 .ARM.attributes
                0x000004ef       0x34 C:/ST/STM32CubeIDE_1.16.1/STM32CubeIDE/plugins/com.st.stm32cube.ide.mcu.externaltools.gnu-tools-for-stm32.12.3.rel1.win32_1.0.200.202406191623/tools/bin/../lib/gcc/arm-none-eabi/12.3.1/../../../../arm-none-eabi/lib/thumb/v7e-m+fp/hard\libc_nano.a(libc_a-memset.o)
 .ARM.attributes
                0x00000523       0x34 C:/ST/STM32CubeIDE_1.16.1/STM32CubeIDE/plugins/com.st.stm32cube.ide.mcu.externaltools.gnu-tools-for-stm32.12.3.rel1.win32_1.0.200.202406191623/tools/bin/../lib/gcc/arm-none-eabi/12.3.1/../../../../arm-none-eabi/lib/thumb/v7e-m+fp/hard\libc_nano.a(libc_a-init.o)
 .ARM.attributes
                0x00000557       0x22 C:/ST/STM32CubeIDE_1.16.1/STM32CubeIDE/plugins/com.st.stm32cube.ide.mcu.externaltools.gnu-tools-for-stm32.12.3.rel1.win32_1.0.200.202406191623/tools/bin/../lib/gcc/arm-none-eabi/12.3.1/thumb/v7e-m+fp/hard/crtn.o
OUTPUT(TelephoneLib.elf elf32-littlearm)
LOAD linker stubs
LOAD C:/ST/STM32CubeIDE_1.16.1/STM32CubeIDE/plugins/com.st.stm32cube.ide.mcu.externaltools.gnu-tools-for-stm32.12.3.rel1.win32_1.0.200.202406191623/tools/bin/../lib/gcc/arm-none-eabi/12.3.1/../../../../arm-none-eabi/lib/thumb/v7e-m+fp/hard\libc.a
LOAD C:/ST/STM32CubeIDE_1.16.1/STM32CubeIDE/plugins/com.st.stm32cube.ide.mcu.externaltools.gnu-tools-for-stm32.12.3.rel1.win32_1.0.200.202406191623/tools/bin/../lib/gcc/arm-none-eabi/12.3.1/../../../../arm-none-eabi/lib/thumb/v7e-m+fp/hard\libm.a
LOAD C:/ST/STM32CubeIDE_1.16.1/STM32CubeIDE/plugins/com.st.stm32cube.ide.mcu.externaltools.gnu-tools-for-stm32.12.3.rel1.win32_1.0.200.202406191623/tools/bin/../lib/gcc/arm-none-eabi/12.3.1/thumb/v7e-m+fp/hard\libgcc.a

.debug_info     0x00000000     0xfc0b
 .debug_info    0x00000000      0x359 ./Core/Src/gpio.o
 .debug_info    0x00000359      0x8b4 ./Core/Src/i2c.o
 .debug_info    0x00000c0d     0x1557 ./Core/Src/lcd5110.o
 .debug_info    0x00002164      0xa0d ./Core/Src/lcd5110_hal.o
 .debug_info    0x00002b71      0xc4c ./Core/Src/lcd5110_ll.o
 .debug_info    0x000037bd      0xc08 ./Core/Src/main.o
 .debug_info    0x000043c5      0x8a9 ./Core/Src/spi.o
 .debug_info    0x00004c6e      0x1a0 ./Core/Src/stm32f3xx_hal_msp.o
 .debug_info    0x00004e0e      0x113 ./Core/Src/stm32f3xx_it.o
 .debug_info    0x00004f21      0x407 ./Core/Src/system_stm32f3xx.o
 .debug_info    0x00005328      0x813 ./Core/Src/usb.o
 .debug_info    0x00005b3b       0x30 ./Core/Startup/startup_stm32f303vctx.o
 .debug_info    0x00005b6b      0x7d4 ./Drivers/STM32F3xx_HAL_Driver/Src/stm32f3xx_hal.o
 .debug_info    0x0000633f      0xce4 ./Drivers/STM32F3xx_HAL_Driver/Src/stm32f3xx_hal_cortex.o
 .debug_info    0x00007023      0x5fe ./Drivers/STM32F3xx_HAL_Driver/Src/stm32f3xx_hal_gpio.o
 .debug_info    0x00007621     0x20c3 ./Drivers/STM32F3xx_HAL_Driver/Src/stm32f3xx_hal_i2c.o
 .debug_info    0x000096e4      0x818 ./Drivers/STM32F3xx_HAL_Driver/Src/stm32f3xx_hal_i2c_ex.o
 .debug_info    0x00009efc     0x166f ./Drivers/STM32F3xx_HAL_Driver/Src/stm32f3xx_hal_pcd.o
 .debug_info    0x0000b56b     0x148a ./Drivers/STM32F3xx_HAL_Driver/Src/stm32f3xx_hal_rcc.o
 .debug_info    0x0000c9f5      0x5b9 ./Drivers/STM32F3xx_HAL_Driver/Src/stm32f3xx_hal_rcc_ex.o
 .debug_info    0x0000cfae     0x1622 ./Drivers/STM32F3xx_HAL_Driver/Src/stm32f3xx_hal_spi.o
 .debug_info    0x0000e5d0     0x163b ./Drivers/STM32F3xx_HAL_Driver/Src/stm32f3xx_ll_usb.o

.debug_abbrev   0x00000000     0x2bf4
 .debug_abbrev  0x00000000      0x151 ./Core/Src/gpio.o
 .debug_abbrev  0x00000151      0x214 ./Core/Src/i2c.o
 .debug_abbrev  0x00000365      0x371 ./Core/Src/lcd5110.o
 .debug_abbrev  0x000006d6      0x1e3 ./Core/Src/lcd5110_hal.o
 .debug_abbrev  0x000008b9      0x263 ./Core/Src/lcd5110_ll.o
 .debug_abbrev  0x00000b1c      0x28e ./Core/Src/main.o
 .debug_abbrev  0x00000daa      0x1f7 ./Core/Src/spi.o
 .debug_abbrev  0x00000fa1       0xe2 ./Core/Src/stm32f3xx_hal_msp.o
 .debug_abbrev  0x00001083       0x73 ./Core/Src/stm32f3xx_it.o
 .debug_abbrev  0x000010f6      0x11a ./Core/Src/system_stm32f3xx.o
 .debug_abbrev  0x00001210      0x1f7 ./Core/Src/usb.o
 .debug_abbrev  0x00001407       0x24 ./Core/Startup/startup_stm32f303vctx.o
 .debug_abbrev  0x0000142b      0x215 ./Drivers/STM32F3xx_HAL_Driver/Src/stm32f3xx_hal.o
 .debug_abbrev  0x00001640      0x31e ./Drivers/STM32F3xx_HAL_Driver/Src/stm32f3xx_hal_cortex.o
 .debug_abbrev  0x0000195e      0x1ca ./Drivers/STM32F3xx_HAL_Driver/Src/stm32f3xx_hal_gpio.o
 .debug_abbrev  0x00001b28      0x260 ./Drivers/STM32F3xx_HAL_Driver/Src/stm32f3xx_hal_i2c.o
 .debug_abbrev  0x00001d88      0x1c2 ./Drivers/STM32F3xx_HAL_Driver/Src/stm32f3xx_hal_i2c_ex.o
 .debug_abbrev  0x00001f4a      0x2d9 ./Drivers/STM32F3xx_HAL_Driver/Src/stm32f3xx_hal_pcd.o
 .debug_abbrev  0x00002223      0x300 ./Drivers/STM32F3xx_HAL_Driver/Src/stm32f3xx_hal_rcc.o
 .debug_abbrev  0x00002523      0x221 ./Drivers/STM32F3xx_HAL_Driver/Src/stm32f3xx_hal_rcc_ex.o
 .debug_abbrev  0x00002744      0x269 ./Drivers/STM32F3xx_HAL_Driver/Src/stm32f3xx_hal_spi.o
 .debug_abbrev  0x000029ad      0x247 ./Drivers/STM32F3xx_HAL_Driver/Src/stm32f3xx_ll_usb.o

.debug_aranges  0x00000000      0xde0
 .debug_aranges
                0x00000000       0x20 ./Core/Src/gpio.o
 .debug_aranges
                0x00000020       0x30 ./Core/Src/i2c.o
 .debug_aranges
                0x00000050      0x120 ./Core/Src/lcd5110.o
 .debug_aranges
                0x00000170       0x60 ./Core/Src/lcd5110_hal.o
 .debug_aranges
                0x000001d0       0xc0 ./Core/Src/lcd5110_ll.o
 .debug_aranges
                0x00000290       0x30 ./Core/Src/main.o
 .debug_aranges
                0x000002c0       0x38 ./Core/Src/spi.o
 .debug_aranges
                0x000002f8       0x20 ./Core/Src/stm32f3xx_hal_msp.o
 .debug_aranges
                0x00000318       0x60 ./Core/Src/stm32f3xx_it.o
 .debug_aranges
                0x00000378       0x28 ./Core/Src/system_stm32f3xx.o
 .debug_aranges
                0x000003a0       0x30 ./Core/Src/usb.o
 .debug_aranges
                0x000003d0       0x28 ./Core/Startup/startup_stm32f303vctx.o
 .debug_aranges
                0x000003f8       0xe0 ./Drivers/STM32F3xx_HAL_Driver/Src/stm32f3xx_hal.o
 .debug_aranges
                0x000004d8      0x128 ./Drivers/STM32F3xx_HAL_Driver/Src/stm32f3xx_hal_cortex.o
 .debug_aranges
                0x00000600       0x58 ./Drivers/STM32F3xx_HAL_Driver/Src/stm32f3xx_hal_gpio.o
 .debug_aranges
                0x00000658      0x2a0 ./Drivers/STM32F3xx_HAL_Driver/Src/stm32f3xx_hal_i2c.o
 .debug_aranges
                0x000008f8       0x48 ./Drivers/STM32F3xx_HAL_Driver/Src/stm32f3xx_hal_i2c_ex.o
 .debug_aranges
                0x00000940      0x140 ./Drivers/STM32F3xx_HAL_Driver/Src/stm32f3xx_hal_pcd.o
 .debug_aranges
                0x00000a80       0x88 ./Drivers/STM32F3xx_HAL_Driver/Src/stm32f3xx_hal_rcc.o
 .debug_aranges
                0x00000b08       0x38 ./Drivers/STM32F3xx_HAL_Driver/Src/stm32f3xx_hal_rcc_ex.o
 .debug_aranges
                0x00000b40      0x1d8 ./Drivers/STM32F3xx_HAL_Driver/Src/stm32f3xx_hal_spi.o
 .debug_aranges
                0x00000d18       0xc8 ./Drivers/STM32F3xx_HAL_Driver/Src/stm32f3xx_ll_usb.o

.debug_rnglists
                0x00000000      0xa7b
 .debug_rnglists
                0x00000000       0x14 ./Core/Src/gpio.o
 .debug_rnglists
                0x00000014       0x21 ./Core/Src/i2c.o
 .debug_rnglists
                0x00000035       0xd9 ./Core/Src/lcd5110.o
 .debug_rnglists
                0x0000010e       0x45 ./Core/Src/lcd5110_hal.o
 .debug_rnglists
                0x00000153       0x8c ./Core/Src/lcd5110_ll.o
 .debug_rnglists
                0x000001df       0x21 ./Core/Src/main.o
 .debug_rnglists
                0x00000200       0x26 ./Core/Src/spi.o
 .debug_rnglists
                0x00000226       0x13 ./Core/Src/stm32f3xx_hal_msp.o
 .debug_rnglists
                0x00000239       0x43 ./Core/Src/stm32f3xx_it.o
 .debug_rnglists
                0x0000027c       0x1a ./Core/Src/system_stm32f3xx.o
 .debug_rnglists
                0x00000296       0x20 ./Core/Src/usb.o
 .debug_rnglists
                0x000002b6       0x19 ./Core/Startup/startup_stm32f303vctx.o
 .debug_rnglists
                0x000002cf       0xa3 ./Drivers/STM32F3xx_HAL_Driver/Src/stm32f3xx_hal.o
 .debug_rnglists
                0x00000372       0xda ./Drivers/STM32F3xx_HAL_Driver/Src/stm32f3xx_hal_cortex.o
 .debug_rnglists
                0x0000044c       0x3f ./Drivers/STM32F3xx_HAL_Driver/Src/stm32f3xx_hal_gpio.o
 .debug_rnglists
                0x0000048b      0x228 ./Drivers/STM32F3xx_HAL_Driver/Src/stm32f3xx_hal_i2c.o
 .debug_rnglists
                0x000006b3       0x35 ./Drivers/STM32F3xx_HAL_Driver/Src/stm32f3xx_hal_i2c_ex.o
 .debug_rnglists
                0x000006e8       0xf4 ./Drivers/STM32F3xx_HAL_Driver/Src/stm32f3xx_hal_pcd.o
 .debug_rnglists
                0x000007dc       0x66 ./Drivers/STM32F3xx_HAL_Driver/Src/stm32f3xx_hal_rcc.o
 .debug_rnglists
                0x00000842       0x28 ./Drivers/STM32F3xx_HAL_Driver/Src/stm32f3xx_hal_rcc_ex.o
 .debug_rnglists
                0x0000086a      0x178 ./Drivers/STM32F3xx_HAL_Driver/Src/stm32f3xx_hal_spi.o
 .debug_rnglists
                0x000009e2       0x99 ./Drivers/STM32F3xx_HAL_Driver/Src/stm32f3xx_ll_usb.o

.debug_macro    0x00000000    0x1eb76
 .debug_macro   0x00000000      0x201 ./Core/Src/gpio.o
 .debug_macro   0x00000201      0xab4 ./Core/Src/gpio.o
 .debug_macro   0x00000cb5      0x157 ./Core/Src/gpio.o
 .debug_macro   0x00000e0c       0x2e ./Core/Src/gpio.o
 .debug_macro   0x00000e3a       0x28 ./Core/Src/gpio.o
 .debug_macro   0x00000e62       0x22 ./Core/Src/gpio.o
 .debug_macro   0x00000e84       0x8e ./Core/Src/gpio.o
 .debug_macro   0x00000f12       0x51 ./Core/Src/gpio.o
 .debug_macro   0x00000f63      0x103 ./Core/Src/gpio.o
 .debug_macro   0x00001066       0x6a ./Core/Src/gpio.o
 .debug_macro   0x000010d0      0x1df ./Core/Src/gpio.o
 .debug_macro   0x000012af       0x1c ./Core/Src/gpio.o
 .debug_macro   0x000012cb       0x22 ./Core/Src/gpio.o
 .debug_macro   0x000012ed       0xd9 ./Core/Src/gpio.o
 .debug_macro   0x000013c6     0x102d ./Core/Src/gpio.o
 .debug_macro   0x000023f3      0x11f ./Core/Src/gpio.o
 .debug_macro   0x00002512    0x12a3a ./Core/Src/gpio.o
 .debug_macro   0x00014f4c       0x6d ./Core/Src/gpio.o
 .debug_macro   0x00014fb9     0x3574 ./Core/Src/gpio.o
 .debug_macro   0x0001852d      0x189 ./Core/Src/gpio.o
 .debug_macro   0x000186b6       0x55 ./Core/Src/gpio.o
 .debug_macro   0x0001870b      0x961 ./Core/Src/gpio.o
 .debug_macro   0x0001906c      0x5fe ./Core/Src/gpio.o
 .debug_macro   0x0001966a      0x1b5 ./Core/Src/gpio.o
 .debug_macro   0x0001981f      0x1fb ./Core/Src/gpio.o
 .debug_macro   0x00019a1a      0x1dc ./Core/Src/gpio.o
 .debug_macro   0x00019bf6      0x1bc ./Core/Src/gpio.o
 .debug_macro   0x00019db2       0x30 ./Core/Src/gpio.o
 .debug_macro   0x00019de2       0x3c ./Core/Src/gpio.o
 .debug_macro   0x00019e1e      0x235 ./Core/Src/gpio.o
 .debug_macro   0x0001a053       0xc5 ./Core/Src/gpio.o
 .debug_macro   0x0001a118      0x21d ./Core/Src/gpio.o
 .debug_macro   0x0001a335      0x22c ./Core/Src/gpio.o
 .debug_macro   0x0001a561       0x5b ./Core/Src/gpio.o
 .debug_macro   0x0001a5bc       0xa5 ./Core/Src/gpio.o
 .debug_macro   0x0001a661       0x73 ./Core/Src/gpio.o
 .debug_macro   0x0001a6d4      0x242 ./Core/Src/gpio.o
 .debug_macro   0x0001a916       0x81 ./Core/Src/gpio.o
 .debug_macro   0x0001a997       0xd3 ./Core/Src/gpio.o
 .debug_macro   0x0001aa6a      0x2fe ./Core/Src/gpio.o
 .debug_macro   0x0001ad68      0x275 ./Core/Src/gpio.o
 .debug_macro   0x0001afdd      0x19c ./Core/Src/gpio.o
 .debug_macro   0x0001b179      0x201 ./Core/Src/i2c.o
 .debug_macro   0x0001b37a      0x36f ./Core/Src/lcd5110.o
 .debug_macro   0x0001b6e9       0x22 ./Core/Src/lcd5110.o
 .debug_macro   0x0001b70b       0x28 ./Core/Src/lcd5110.o
 .debug_macro   0x0001b733       0x61 ./Core/Src/lcd5110.o
 .debug_macro   0x0001b794      0x369 ./Core/Src/lcd5110.o
 .debug_macro   0x0001bafd       0x7c ./Core/Src/lcd5110.o
 .debug_macro   0x0001bb79       0x17 ./Core/Src/lcd5110.o
 .debug_macro   0x0001bb90      0x118 ./Core/Src/lcd5110.o
 .debug_macro   0x0001bca8       0x2a ./Core/Src/lcd5110.o
 .debug_macro   0x0001bcd2       0x43 ./Core/Src/lcd5110.o
 .debug_macro   0x0001bd15       0x34 ./Core/Src/lcd5110.o
 .debug_macro   0x0001bd49       0x16 ./Core/Src/lcd5110.o
 .debug_macro   0x0001bd5f       0x43 ./Core/Src/lcd5110.o
 .debug_macro   0x0001bda2       0x34 ./Core/Src/lcd5110.o
 .debug_macro   0x0001bdd6       0x10 ./Core/Src/lcd5110.o
 .debug_macro   0x0001bde6       0x58 ./Core/Src/lcd5110.o
 .debug_macro   0x0001be3e       0x8e ./Core/Src/lcd5110.o
 .debug_macro   0x0001becc       0x1c ./Core/Src/lcd5110.o
 .debug_macro   0x0001bee8      0x177 ./Core/Src/lcd5110.o
 .debug_macro   0x0001c05f      0x19b ./Core/Src/lcd5110.o
 .debug_macro   0x0001c1fa      0x119 ./Core/Src/lcd5110.o
 .debug_macro   0x0001c313       0x58 ./Core/Src/lcd5110.o
 .debug_macro   0x0001c36b       0x1c ./Core/Src/lcd5110.o
 .debug_macro   0x0001c387       0x35 ./Core/Src/lcd5110.o
 .debug_macro   0x0001c3bc       0x1c ./Core/Src/lcd5110.o
 .debug_macro   0x0001c3d8       0x16 ./Core/Src/lcd5110.o
 .debug_macro   0x0001c3ee      0x146 ./Core/Src/lcd5110.o
 .debug_macro   0x0001c534      0x22d ./Core/Src/lcd5110_hal.o
 .debug_macro   0x0001c761      0x361 ./Core/Src/lcd5110_ll.o
 .debug_macro   0x0001cac2       0x16 ./Core/Src/lcd5110_ll.o
 .debug_macro   0x0001cad8       0x10 ./Core/Src/lcd5110_ll.o
 .debug_macro   0x0001cae8       0x16 ./Core/Src/lcd5110_ll.o
 .debug_macro   0x0001cafe      0x257 ./Core/Src/main.o
 .debug_macro   0x0001cd55      0x201 ./Core/Src/spi.o
 .debug_macro   0x0001cf56      0x1f7 ./Core/Src/stm32f3xx_hal_msp.o
 .debug_macro   0x0001d14d      0x201 ./Core/Src/stm32f3xx_it.o
 .debug_macro   0x0001d34e      0x1e8 ./Core/Src/system_stm32f3xx.o
 .debug_macro   0x0001d536      0x201 ./Core/Src/usb.o
 .debug_macro   0x0001d737      0x20c ./Drivers/STM32F3xx_HAL_Driver/Src/stm32f3xx_hal.o
 .debug_macro   0x0001d943      0x1e8 ./Drivers/STM32F3xx_HAL_Driver/Src/stm32f3xx_hal_cortex.o
 .debug_macro   0x0001db2b      0x1ef ./Drivers/STM32F3xx_HAL_Driver/Src/stm32f3xx_hal_gpio.o
 .debug_macro   0x0001dd1a      0x2b4 ./Drivers/STM32F3xx_HAL_Driver/Src/stm32f3xx_hal_i2c.o
 .debug_macro   0x0001dfce      0x1e8 ./Drivers/STM32F3xx_HAL_Driver/Src/stm32f3xx_hal_i2c_ex.o
 .debug_macro   0x0001e1b6      0x1f4 ./Drivers/STM32F3xx_HAL_Driver/Src/stm32f3xx_hal_pcd.o
 .debug_macro   0x0001e3aa      0x20c ./Drivers/STM32F3xx_HAL_Driver/Src/stm32f3xx_hal_rcc.o
 .debug_macro   0x0001e5b6      0x1e8 ./Drivers/STM32F3xx_HAL_Driver/Src/stm32f3xx_hal_rcc_ex.o
 .debug_macro   0x0001e79e      0x1f0 ./Drivers/STM32F3xx_HAL_Driver/Src/stm32f3xx_hal_spi.o
 .debug_macro   0x0001e98e      0x1e8 ./Drivers/STM32F3xx_HAL_Driver/Src/stm32f3xx_ll_usb.o

.debug_line     0x00000000    0x135a8
 .debug_line    0x00000000      0x7c0 ./Core/Src/gpio.o
 .debug_line    0x000007c0      0x80a ./Core/Src/i2c.o
 .debug_line    0x00000fca     0x1134 ./Core/Src/lcd5110.o
 .debug_line    0x000020fe      0xa1c ./Core/Src/lcd5110_hal.o
 .debug_line    0x00002b1a      0xb8b ./Core/Src/lcd5110_ll.o
 .debug_line    0x000036a5      0x892 ./Core/Src/main.o
 .debug_line    0x00003f37      0x882 ./Core/Src/spi.o
 .debug_line    0x000047b9      0x78f ./Core/Src/stm32f3xx_hal_msp.o
 .debug_line    0x00004f48      0x850 ./Core/Src/stm32f3xx_it.o
 .debug_line    0x00005798      0x807 ./Core/Src/system_stm32f3xx.o
 .debug_line    0x00005f9f      0x7ed ./Core/Src/usb.o
 .debug_line    0x0000678c       0x7a ./Core/Startup/startup_stm32f303vctx.o
 .debug_line    0x00006806      0xa3f ./Drivers/STM32F3xx_HAL_Driver/Src/stm32f3xx_hal.o
 .debug_line    0x00007245      0xd2c ./Drivers/STM32F3xx_HAL_Driver/Src/stm32f3xx_hal_cortex.o
 .debug_line    0x00007f71      0xbb6 ./Drivers/STM32F3xx_HAL_Driver/Src/stm32f3xx_hal_gpio.o
 .debug_line    0x00008b27     0x3ab6 ./Drivers/STM32F3xx_HAL_Driver/Src/stm32f3xx_hal_i2c.o
 .debug_line    0x0000c5dd      0x9ab ./Drivers/STM32F3xx_HAL_Driver/Src/stm32f3xx_hal_i2c_ex.o
 .debug_line    0x0000cf88     0x13c7 ./Drivers/STM32F3xx_HAL_Driver/Src/stm32f3xx_hal_pcd.o
 .debug_line    0x0000e34f     0x13d3 ./Drivers/STM32F3xx_HAL_Driver/Src/stm32f3xx_hal_rcc.o
 .debug_line    0x0000f722      0xd8d ./Drivers/STM32F3xx_HAL_Driver/Src/stm32f3xx_hal_rcc_ex.o
 .debug_line    0x000104af     0x2078 ./Drivers/STM32F3xx_HAL_Driver/Src/stm32f3xx_hal_spi.o
 .debug_line    0x00012527     0x1081 ./Drivers/STM32F3xx_HAL_Driver/Src/stm32f3xx_ll_usb.o

.debug_str      0x00000000    0xb0aed
 .debug_str     0x00000000    0xa7bce ./Core/Src/gpio.o
                              0xa8273 (size before relaxing)
 .debug_str     0x000a7bce      0x48b ./Core/Src/i2c.o
                              0xa8770 (size before relaxing)
 .debug_str     0x000a8059     0x530d ./Core/Src/lcd5110.o
                              0xad7b4 (size before relaxing)
 .debug_str     0x000ad366       0x8c ./Core/Src/lcd5110_hal.o
                              0xa8789 (size before relaxing)
 .debug_str     0x000ad3f2      0x495 ./Core/Src/lcd5110_ll.o
                              0xac2f6 (size before relaxing)
 .debug_str     0x000ad887      0x31f ./Core/Src/main.o
                              0xa8b66 (size before relaxing)
 .debug_str     0x000adba6       0x51 ./Core/Src/spi.o
                              0xa86b8 (size before relaxing)
 .debug_str     0x000adbf7       0x49 ./Core/Src/stm32f3xx_hal_msp.o
                              0xa81c5 (size before relaxing)
 .debug_str     0x000adc40       0xc9 ./Core/Src/stm32f3xx_it.o
                              0xa81d7 (size before relaxing)
 .debug_str     0x000add09       0xe9 ./Core/Src/system_stm32f3xx.o
                              0xa7c55 (size before relaxing)
 .debug_str     0x000addf2      0x33c ./Core/Src/usb.o
                              0xa8633 (size before relaxing)
 .debug_str     0x000ae12e       0x44 ./Core/Startup/startup_stm32f303vctx.o
                                 0x68 (size before relaxing)
 .debug_str     0x000ae172      0x6bd ./Drivers/STM32F3xx_HAL_Driver/Src/stm32f3xx_hal.o
                              0xa8493 (size before relaxing)
 .debug_str     0x000ae82f      0x37f ./Drivers/STM32F3xx_HAL_Driver/Src/stm32f3xx_hal_cortex.o
                              0xa8517 (size before relaxing)
 .debug_str     0x000aebae      0x12b ./Drivers/STM32F3xx_HAL_Driver/Src/stm32f3xx_hal_gpio.o
                              0xa7dc2 (size before relaxing)
 .debug_str     0x000aecd9      0xe75 ./Drivers/STM32F3xx_HAL_Driver/Src/stm32f3xx_hal_i2c.o
                              0xa8f55 (size before relaxing)
 .debug_str     0x000afb4e       0xb8 ./Drivers/STM32F3xx_HAL_Driver/Src/stm32f3xx_hal_i2c_ex.o
                              0xa814c (size before relaxing)
 .debug_str     0x000afc06      0x52c ./Drivers/STM32F3xx_HAL_Driver/Src/stm32f3xx_hal_pcd.o
                              0xa848a (size before relaxing)
 .debug_str     0x000b0132      0x2c6 ./Drivers/STM32F3xx_HAL_Driver/Src/stm32f3xx_hal_rcc.o
                              0xa80f5 (size before relaxing)
 .debug_str     0x000b03f8       0xbe ./Drivers/STM32F3xx_HAL_Driver/Src/stm32f3xx_hal_rcc_ex.o
                              0xa7eb9 (size before relaxing)
 .debug_str     0x000b04b6      0x55f ./Drivers/STM32F3xx_HAL_Driver/Src/stm32f3xx_hal_spi.o
                              0xa857b (size before relaxing)
 .debug_str     0x000b0a15       0xd8 ./Drivers/STM32F3xx_HAL_Driver/Src/stm32f3xx_ll_usb.o
                              0xa7fdf (size before relaxing)

.comment        0x00000000       0x43
 .comment       0x00000000       0x43 ./Core/Src/gpio.o
                                 0x44 (size before relaxing)
 .comment       0x00000043       0x44 ./Core/Src/i2c.o
 .comment       0x00000043       0x44 ./Core/Src/lcd5110.o
 .comment       0x00000043       0x44 ./Core/Src/lcd5110_hal.o
 .comment       0x00000043       0x44 ./Core/Src/lcd5110_ll.o
 .comment       0x00000043       0x44 ./Core/Src/main.o
 .comment       0x00000043       0x44 ./Core/Src/spi.o
 .comment       0x00000043       0x44 ./Core/Src/stm32f3xx_hal_msp.o
 .comment       0x00000043       0x44 ./Core/Src/stm32f3xx_it.o
 .comment       0x00000043       0x44 ./Core/Src/system_stm32f3xx.o
 .comment       0x00000043       0x44 ./Core/Src/usb.o
 .comment       0x00000043       0x44 ./Drivers/STM32F3xx_HAL_Driver/Src/stm32f3xx_hal.o
 .comment       0x00000043       0x44 ./Drivers/STM32F3xx_HAL_Driver/Src/stm32f3xx_hal_cortex.o
 .comment       0x00000043       0x44 ./Drivers/STM32F3xx_HAL_Driver/Src/stm32f3xx_hal_gpio.o
 .comment       0x00000043       0x44 ./Drivers/STM32F3xx_HAL_Driver/Src/stm32f3xx_hal_i2c.o
 .comment       0x00000043       0x44 ./Drivers/STM32F3xx_HAL_Driver/Src/stm32f3xx_hal_i2c_ex.o
 .comment       0x00000043       0x44 ./Drivers/STM32F3xx_HAL_Driver/Src/stm32f3xx_hal_pcd.o
 .comment       0x00000043       0x44 ./Drivers/STM32F3xx_HAL_Driver/Src/stm32f3xx_hal_rcc.o
 .comment       0x00000043       0x44 ./Drivers/STM32F3xx_HAL_Driver/Src/stm32f3xx_hal_rcc_ex.o
 .comment       0x00000043       0x44 ./Drivers/STM32F3xx_HAL_Driver/Src/stm32f3xx_hal_spi.o
 .comment       0x00000043       0x44 ./Drivers/STM32F3xx_HAL_Driver/Src/stm32f3xx_ll_usb.o

.debug_frame    0x00000000     0x383c
 .debug_frame   0x00000000       0x34 ./Core/Src/gpio.o
 .debug_frame   0x00000034       0x74 ./Core/Src/i2c.o
 .debug_frame   0x000000a8      0x508 ./Core/Src/lcd5110.o
 .debug_frame   0x000005b0      0x160 ./Core/Src/lcd5110_hal.o
 .debug_frame   0x00000710      0x308 ./Core/Src/lcd5110_ll.o
 .debug_frame   0x00000a18       0x70 ./Core/Src/main.o
 .debug_frame   0x00000a88       0x90 ./Core/Src/spi.o
 .debug_frame   0x00000b18       0x34 ./Core/Src/stm32f3xx_hal_msp.o
 .debug_frame   0x00000b4c      0x104 ./Core/Src/stm32f3xx_it.o
 .debug_frame   0x00000c50       0x58 ./Core/Src/system_stm32f3xx.o
 .debug_frame   0x00000ca8       0x74 ./Core/Src/usb.o
 .debug_frame   0x00000d1c      0x334 ./Drivers/STM32F3xx_HAL_Driver/Src/stm32f3xx_hal.o
 .debug_frame   0x00001050      0x4e8 ./Drivers/STM32F3xx_HAL_Driver/Src/stm32f3xx_hal_cortex.o
 .debug_frame   0x00001538      0x14c ./Drivers/STM32F3xx_HAL_Driver/Src/stm32f3xx_hal_gpio.o
 .debug_frame   0x00001684      0xc38 ./Drivers/STM32F3xx_HAL_Driver/Src/stm32f3xx_hal_i2c.o
 .debug_frame   0x000022bc      0x100 ./Drivers/STM32F3xx_HAL_Driver/Src/stm32f3xx_hal_i2c_ex.o
 .debug_frame   0x000023bc      0x590 ./Drivers/STM32F3xx_HAL_Driver/Src/stm32f3xx_hal_pcd.o
 .debug_frame   0x0000294c      0x214 ./Drivers/STM32F3xx_HAL_Driver/Src/stm32f3xx_hal_rcc.o
 .debug_frame   0x00002b60       0xb0 ./Drivers/STM32F3xx_HAL_Driver/Src/stm32f3xx_hal_rcc_ex.o
 .debug_frame   0x00002c10      0x860 ./Drivers/STM32F3xx_HAL_Driver/Src/stm32f3xx_hal_spi.o
 .debug_frame   0x00003470      0x380 ./Drivers/STM32F3xx_HAL_Driver/Src/stm32f3xx_ll_usb.o
 .debug_frame   0x000037f0       0x20 C:/ST/STM32CubeIDE_1.16.1/STM32CubeIDE/plugins/com.st.stm32cube.ide.mcu.externaltools.gnu-tools-for-stm32.12.3.rel1.win32_1.0.200.202406191623/tools/bin/../lib/gcc/arm-none-eabi/12.3.1/../../../../arm-none-eabi/lib/thumb/v7e-m+fp/hard\libc_nano.a(libc_a-memset.o)
 .debug_frame   0x00003810       0x2c C:/ST/STM32CubeIDE_1.16.1/STM32CubeIDE/plugins/com.st.stm32cube.ide.mcu.externaltools.gnu-tools-for-stm32.12.3.rel1.win32_1.0.200.202406191623/tools/bin/../lib/gcc/arm-none-eabi/12.3.1/../../../../arm-none-eabi/lib/thumb/v7e-m+fp/hard\libc_nano.a(libc_a-init.o)

.debug_line_str
                0x00000000       0x4c
 .debug_line_str
                0x00000000       0x4c ./Core/Startup/startup_stm32f303vctx.o
