/opt/st/stm32cubeide_1.16.1/plugins/com.st.stm32cube.ide.mcu.externaltools.gnu-tools-for-stm32.12.3.rel1.linux64_1.0.200.202406132123/tools/arm-none-eabi/include/c++/12.3.1/arm-none-eabi/thumb/v7e-m+fp/hard/bits/gthr-default.h:229:1:int __gthread_key_delete(__gthread_key_t)	16	static
../Core/Src/GSMModule.cpp:19:1:GSM_Module::GSM_Module(const Parameters&)	24	static
../Core/Src/GSMModule.cpp:23:5:int GSM_Module::send_sms(const char*)	16	static
../Core/Src/GSMModule.cpp:27:6:void GSM_Module::make_call(const char*)	56	static
../Core/Src/GSMModule.cpp:34:6:bool GSM_Module::send_AT()	40	static
../Core/Src/GSMModule.cpp:50:5:int GSM_Module::send_at_command(const char*)	16	static
../Core/Src/GSMModule.cpp:54:12:Parameters load_parameters()	16	static
../Core/Src/GSMModule.cpp:62:1:void __static_initialization_and_destruction_0(int, int)	16	static
../Core/Src/GSMModule.cpp:62:1:cpp)	8	static
../Core/Src/GSMModule.cpp:62:1:cpp)	8	static
