/opt/st/stm32cubeide_1.16.1/plugins/com.st.stm32cube.ide.mcu.externaltools.gnu-tools-for-stm32.12.3.rel1.linux64_1.0.200.202406132123/tools/arm-none-eabi/include/c++/12.3.1/arm-none-eabi/thumb/v7e-m+fp/hard/bits/gthr-default.h:229:1:int __gthread_key_delete(__gthread_key_t)	16	static
../Core/Src/GSMModule.cpp:32:1:GSM_Module::GSM_Module(const Parameters&)	24	static
../Core/Src/GSMModule.cpp:41:6:void GSM_Module::make_call(const char*)	56	static
../Core/Src/GSMModule.cpp:47:6:void GSM_Module::receive_call()	16	static
../Core/Src/GSMModule.cpp:51:6:void GSM_Module::hang_up()	16	static
../Core/Src/GSMModule.cpp:55:6:bool GSM_Module::send_at_command(const char*)	272	static
../Core/Src/GSMModule.cpp:66:6:void GSM_Module::handle_interruption()	56	static
../Core/Src/GSMModule.cpp:82:17:void HAL_UART_RxCpltCallback(UART_HandleTypeDef*)	16	static
../Core/Src/GSMModule.cpp:95:6:void GSM_Module::send_sms(const char*, const char*)	328	static
../Core/Src/GSMModule.cpp:115:6:void c_print(const char*)	56	dynamic
../Core/Src/GSMModule.cpp:122:12:Parameters load_parameters()	16	static
../Core/Src/GSMModule.cpp:132:6:void GSM_Module::start_receiving()	16	static
../Core/Src/GSMModule.cpp:136:6:bool GSM_Module::transmit(const uint8_t*, size_t)	24	static
../Core/Src/GSMModule.cpp:140:6:bool GSM_Module::receive(uint8_t*, size_t, uint32_t)	24	static
../Core/Src/GSMModule.cpp:142:1:void __static_initialization_and_destruction_0(int, int)	16	static
../Core/Src/GSMModule.cpp:142:1:cpp)	8	static
../Core/Src/GSMModule.cpp:142:1:cpp)	8	static
