/app/stm32cubeide/plugins/com.st.stm32cube.ide.mcu.externaltools.gnu-tools-for-stm32.10.3-2021.10.linux64_1.0.200.202301161003/tools/arm-none-eabi/include/c++/10.3.1/arm-none-eabi/thumb/v7e-m+fp/hard/bits/gthr-default.h:229:1:int __gthread_key_delete(__gthread_key_t)	16	static
../Core/Src/main.cpp:71:5:int main()	8	static
../Core/Src/main.cpp:119:6:void SystemClock_Config()	128	static
../Core/Src/main.cpp:190:6:void Error_Handler()	4	static,ignoring_inline_asm
../Core/Src/main.cpp:199:1:void __static_initialization_and_destruction_0(int, int)	16	static
../Core/Src/main.cpp:199:1:cpp)	8	static
../Core/Src/main.cpp:199:1:cpp)	8	static
