/opt/st/stm32cubeide_1.16.1/plugins/com.st.stm32cube.ide.mcu.externaltools.gnu-tools-for-stm32.12.3.rel1.linux64_1.0.200.202406132123/tools/arm-none-eabi/include/c++/12.3.1/arm-none-eabi/thumb/v7e-m+fp/hard/bits/gthr-default.h:229:1:int __gthread_key_delete(__gthread_key_t)	16	static
../Src/GSMLibrary.cpp:26:1:GSM_Module::GSM_Module(const Parameters&)	24	static
../Src/GSMLibrary.cpp:36:6:void GSM_Module::make_call(const char*)	56	static
../Src/GSMLibrary.cpp:50:6:void GSM_Module::receive_call()	16	static
../Src/GSMLibrary.cpp:55:6:void GSM_Module::hang_up()	16	static
../Src/GSMLibrary.cpp:66:6:void GSM_Module::send_sms(const char*, const char*)	64	static
../Src/GSMLibrary.cpp:79:37:std::pair<std::__cxx11::basic_string<char>, std::__cxx11::basic_string<char> > GSM_Module::read_sms(int)	56	static
../Src/GSMLibrary.cpp:92:6:void GSM_Module::receive_sms(std::string)	88	static
../Src/GSMLibrary.cpp:104:37:std::pair<std::__cxx11::basic_string<char>, std::__cxx11::basic_string<char> > GSM_Module::get_date_and_time()	16	static
../Src/GSMLibrary.cpp:112:6:void GSM_Module::receive_date_and_time(std::string)	208	static
../Src/GSMLibrary.cpp:193:5:int GSM_Module::get_signal_strength()	16	static
../Src/GSMLibrary.cpp:201:6:void GSM_Module::receive_signal(std::string)	88	static
../Src/GSMLibrary.cpp:229:6:bool GSM_Module::send_at_command(const char*)	280	static
../Src/GSMLibrary.cpp:242:6:void GSM_Module::handle_interruption()	128	static
../Src/GSMLibrary.cpp:288:17:void HAL_UART_RxCpltCallback(UART_HandleTypeDef*)	16	static
../Src/GSMLibrary.cpp:305:6:void GSM_Module::start_receiving()	16	static
../Src/GSMLibrary.cpp:309:6:bool GSM_Module::transmit(const char*, size_t)	24	static
../Src/GSMLibrary.cpp:313:6:bool GSM_Module::receive(char*, size_t, size_t)	24	static
../Src/GSMLibrary.cpp:317:6:void load_parameters(Parameters&, GPIO_TypeDef*, uint16_t, GPIO_TypeDef*, uint16_t, UART_HandleTypeDef*)	24	static
/opt/st/stm32cubeide_1.16.1/plugins/com.st.stm32cube.ide.mcu.externaltools.gnu-tools-for-stm32.12.3.rel1.linux64_1.0.200.202406132123/tools/arm-none-eabi/include/c++/12.3.1/bits/stl_pair.h:534:12:constexpr std::pair<_T1, _T2>::pair(_U1&&, _U2&&) [with _U1 = const char (&)[1]; _U2 = const char (&)[1]; typename std::enable_if<(std::_PCC<true, _T1, _T2>::_MoveConstructiblePair<_U1, _U2>() && std::_PCC<true, _T1, _T2>::_ImplicitlyMoveConvertiblePair<_U1, _U2>()), bool>::type <anonymous> = true; _T1 = std::__cxx11::basic_string<char>; _T2 = std::__cxx11::basic_string<char>]	40	static
/opt/st/stm32cubeide_1.16.1/plugins/com.st.stm32cube.ide.mcu.externaltools.gnu-tools-for-stm32.12.3.rel1.linux64_1.0.200.202406132123/tools/arm-none-eabi/include/c++/12.3.1/bits/stl_pair.h:534:12:constexpr std::pair<_T1, _T2>::pair(_U1&&, _U2&&) [with _U1 = std::__cxx11::basic_string<char>&; _U2 = std::__cxx11::basic_string<char>&; typename std::enable_if<(std::_PCC<true, _T1, _T2>::_MoveConstructiblePair<_U1, _U2>() && std::_PCC<true, _T1, _T2>::_ImplicitlyMoveConvertiblePair<_U1, _U2>()), bool>::type <anonymous> = true; _T1 = std::__cxx11::basic_string<char>; _T2 = std::__cxx11::basic_string<char>]	32	static
/opt/st/stm32cubeide_1.16.1/plugins/com.st.stm32cube.ide.mcu.externaltools.gnu-tools-for-stm32.12.3.rel1.linux64_1.0.200.202406132123/tools/arm-none-eabi/include/c++/12.3.1/bits/stl_iterator.h:1237:5:bool __gnu_cxx::operator!=(const __normal_iterator<_Iterator, _Container>&, const __normal_iterator<_Iterator, _Container>&) [with _Iterator = char*; _Container = std::__cxx11::basic_string<char>]	24	static
/opt/st/stm32cubeide_1.16.1/plugins/com.st.stm32cube.ide.mcu.externaltools.gnu-tools-for-stm32.12.3.rel1.linux64_1.0.200.202406132123/tools/arm-none-eabi/include/c++/12.3.1/bits/stl_iterator.h:1105:7:__gnu_cxx::__normal_iterator<_Iterator, _Container>& __gnu_cxx::__normal_iterator<_Iterator, _Container>::operator++() [with _Iterator = char*; _Container = std::__cxx11::basic_string<char>]	16	static
/opt/st/stm32cubeide_1.16.1/plugins/com.st.stm32cube.ide.mcu.externaltools.gnu-tools-for-stm32.12.3.rel1.linux64_1.0.200.202406132123/tools/arm-none-eabi/include/c++/12.3.1/bits/stl_iterator.h:1095:7:__gnu_cxx::__normal_iterator<_Iterator, _Container>::reference __gnu_cxx::__normal_iterator<_Iterator, _Container>::operator*() const [with _Iterator = char*; _Container = std::__cxx11::basic_string<char>]	16	static
/opt/st/stm32cubeide_1.16.1/plugins/com.st.stm32cube.ide.mcu.externaltools.gnu-tools-for-stm32.12.3.rel1.linux64_1.0.200.202406132123/tools/arm-none-eabi/include/c++/12.3.1/bits/range_access.h:95:5:constexpr _Tp* std::begin(_Tp (&)[_Nm]) [with _Tp = unsigned char; unsigned int _Nm = 256]	16	static
/opt/st/stm32cubeide_1.16.1/plugins/com.st.stm32cube.ide.mcu.externaltools.gnu-tools-for-stm32.12.3.rel1.linux64_1.0.200.202406132123/tools/arm-none-eabi/include/c++/12.3.1/bits/range_access.h:106:5:constexpr _Tp* std::end(_Tp (&)[_Nm]) [with _Tp = unsigned char; unsigned int _Nm = 256]	16	static
/opt/st/stm32cubeide_1.16.1/plugins/com.st.stm32cube.ide.mcu.externaltools.gnu-tools-for-stm32.12.3.rel1.linux64_1.0.200.202406132123/tools/arm-none-eabi/include/c++/12.3.1/bits/stl_algobase.h:991:5:void std::fill(_ForwardIterator, _ForwardIterator, const _Tp&) [with _ForwardIterator = unsigned char*; _Tp = int]	24	static
/opt/st/stm32cubeide_1.16.1/plugins/com.st.stm32cube.ide.mcu.externaltools.gnu-tools-for-stm32.12.3.rel1.linux64_1.0.200.202406132123/tools/arm-none-eabi/include/c++/12.3.1/bits/move.h:77:5:constexpr _Tp&& std::forward(typename remove_reference<_Tp>::type&) [with _Tp = const char (&)[1]]	16	static
/opt/st/stm32cubeide_1.16.1/plugins/com.st.stm32cube.ide.mcu.externaltools.gnu-tools-for-stm32.12.3.rel1.linux64_1.0.200.202406132123/tools/arm-none-eabi/include/c++/12.3.1/bits/move.h:77:5:constexpr _Tp&& std::forward(typename remove_reference<_Tp>::type&) [with _Tp = __cxx11::basic_string<char>&]	16	static
/opt/st/stm32cubeide_1.16.1/plugins/com.st.stm32cube.ide.mcu.externaltools.gnu-tools-for-stm32.12.3.rel1.linux64_1.0.200.202406132123/tools/arm-none-eabi/include/c++/12.3.1/bits/stl_iterator.h:1158:7:const _Iterator& __gnu_cxx::__normal_iterator<_Iterator, _Container>::base() const [with _Iterator = char*; _Container = std::__cxx11::basic_string<char>]	16	static
/opt/st/stm32cubeide_1.16.1/plugins/com.st.stm32cube.ide.mcu.externaltools.gnu-tools-for-stm32.12.3.rel1.linux64_1.0.200.202406132123/tools/arm-none-eabi/include/c++/12.3.1/bits/stl_algobase.h:967:5:void std::__fill_a(_FIte, _FIte, const _Tp&) [with _FIte = unsigned char*; _Tp = int]	24	static
/opt/st/stm32cubeide_1.16.1/plugins/com.st.stm32cube.ide.mcu.externaltools.gnu-tools-for-stm32.12.3.rel1.linux64_1.0.200.202406132123/tools/arm-none-eabi/include/c++/12.3.1/bits/stl_algobase.h:917:5:typename __gnu_cxx::__enable_if<std::__is_scalar<_Tp>::__value, void>::__type std::__fill_a1(_ForwardIterator, _ForwardIterator, const _Tp&) [with _ForwardIterator = unsigned char*; _Tp = int]	32	static
../Src/GSMLibrary.cpp:324:1:void __static_initialization_and_destruction_0(int, int)	16	static
../Src/GSMLibrary.cpp:324:1:cpp)	8	static
../Src/GSMLibrary.cpp:324:1:cpp)	8	static
